============================= test session starts ==============================
platform darwin -- Python 3.12.7, pytest-9.1.1, pluggy-1.6.0
rootdir: /Users/hemanthchowdary/Neural-Constitution-Engine
configfile: pyproject.toml
plugins: cov-7.1.0, anyio-4.14.1, asyncio-1.4.0, langsmith-0.9.3
asyncio: mode=Mode.STRICT, debug=False, asyncio_default_fixture_loop_scope=None, asyncio_default_test_loop_scope=function
collected 6 items

backend/tests/api/test_routes.py ...F.F                                  [100%]

=================================== FAILURES ===================================
____________________________ test_evaluate_decision ____________________________
  + Exception Group Traceback (most recent call last):
  |   File "/Users/hemanthchowdary/Neural-Constitution-Engine/.venv/lib/python3.12/site-packages/starlette/_utils.py", line 87, in collapse_excgroups
  |     yield
  |   File "/Users/hemanthchowdary/Neural-Constitution-Engine/.venv/lib/python3.12/site-packages/starlette/middleware/base.py", line 190, in __call__
  |     async with anyio.create_task_group() as task_group:
  |                ^^^^^^^^^^^^^^^^^^^^^^^^^
  |   File "/Users/hemanthchowdary/Neural-Constitution-Engine/.venv/lib/python3.12/site-packages/anyio/_backends/_asyncio.py", line 811, in __aexit__
  |     raise BaseExceptionGroup(
  | ExceptionGroup: unhandled errors in a TaskGroup (1 sub-exception)
  +-+---------------- 1 ----------------
    | Traceback (most recent call last):
    |   File "/Users/hemanthchowdary/Neural-Constitution-Engine/.venv/lib/python3.12/site-packages/_pytest/runner.py", line 361, in from_call
    |     result: TResult | None = func()
    |                              ^^^^^^
    |   File "/Users/hemanthchowdary/Neural-Constitution-Engine/.venv/lib/python3.12/site-packages/_pytest/runner.py", line 250, in <lambda>
    |     lambda: runtest_hook(item=item, **kwds),
    |             ^^^^^^^^^^^^^^^^^^^^^^^^^^^^^^^
    |   File "/Users/hemanthchowdary/Neural-Constitution-Engine/.venv/lib/python3.12/site-packages/pluggy/_hooks.py", line 512, in __call__
    |     return self._hookexec(self.name, self._hookimpls.copy(), kwargs, firstresult)
    |            ^^^^^^^^^^^^^^^^^^^^^^^^^^^^^^^^^^^^^^^^^^^^^^^^^^^^^^^^^^^^^^^^^^^^^^
    |   File "/Users/hemanthchowdary/Neural-Constitution-Engine/.venv/lib/python3.12/site-packages/pluggy/_manager.py", line 120, in _hookexec
    |     return self._inner_hookexec(hook_name, methods, kwargs, firstresult)
    |            ^^^^^^^^^^^^^^^^^^^^^^^^^^^^^^^^^^^^^^^^^^^^^^^^^^^^^^^^^^^^^
    |   File "/Users/hemanthchowdary/Neural-Constitution-Engine/.venv/lib/python3.12/site-packages/pluggy/_callers.py", line 167, in _multicall
    |     raise exception
    |   File "/Users/hemanthchowdary/Neural-Constitution-Engine/.venv/lib/python3.12/site-packages/pluggy/_callers.py", line 139, in _multicall
    |     teardown.throw(exception)
    |   File "/Users/hemanthchowdary/Neural-Constitution-Engine/.venv/lib/python3.12/site-packages/_pytest/logging.py", line 865, in pytest_runtest_call
    |     yield
    |   File "/Users/hemanthchowdary/Neural-Constitution-Engine/.venv/lib/python3.12/site-packages/pluggy/_callers.py", line 139, in _multicall
    |     teardown.throw(exception)
    |   File "/Users/hemanthchowdary/Neural-Constitution-Engine/.venv/lib/python3.12/site-packages/pluggy/_callers.py", line 53, in run_old_style_hookwrapper
    |     return result.get_result()
    |            ^^^^^^^^^^^^^^^^^^^
    |   File "/Users/hemanthchowdary/Neural-Constitution-Engine/.venv/lib/python3.12/site-packages/pluggy/_result.py", line 103, in get_result
    |     raise exc.with_traceback(tb)
    |   File "/Users/hemanthchowdary/Neural-Constitution-Engine/.venv/lib/python3.12/site-packages/pluggy/_callers.py", line 38, in run_old_style_hookwrapper
    |     res = yield
    |           ^^^^^
    |   File "/Users/hemanthchowdary/Neural-Constitution-Engine/.venv/lib/python3.12/site-packages/pluggy/_callers.py", line 139, in _multicall
    |     teardown.throw(exception)
    |   File "/Users/hemanthchowdary/Neural-Constitution-Engine/.venv/lib/python3.12/site-packages/_pytest/capture.py", line 900, in pytest_runtest_call
    |     return (yield)
    |             ^^^^^
    |   File "/Users/hemanthchowdary/Neural-Constitution-Engine/.venv/lib/python3.12/site-packages/pluggy/_callers.py", line 139, in _multicall
    |     teardown.throw(exception)
    |   File "/Users/hemanthchowdary/Neural-Constitution-Engine/.venv/lib/python3.12/site-packages/pluggy/_callers.py", line 53, in run_old_style_hookwrapper
    |     return result.get_result()
    |            ^^^^^^^^^^^^^^^^^^^
    |   File "/Users/hemanthchowdary/Neural-Constitution-Engine/.venv/lib/python3.12/site-packages/pluggy/_result.py", line 103, in get_result
    |     raise exc.with_traceback(tb)
    |   File "/Users/hemanthchowdary/Neural-Constitution-Engine/.venv/lib/python3.12/site-packages/pluggy/_callers.py", line 38, in run_old_style_hookwrapper
    |     res = yield
    |           ^^^^^
    |   File "/Users/hemanthchowdary/Neural-Constitution-Engine/.venv/lib/python3.12/site-packages/pluggy/_callers.py", line 139, in _multicall
    |     teardown.throw(exception)
    |   File "/Users/hemanthchowdary/Neural-Constitution-Engine/.venv/lib/python3.12/site-packages/_pytest/skipping.py", line 268, in pytest_runtest_call
    |     return (yield)
    |             ^^^^^
    |   File "/Users/hemanthchowdary/Neural-Constitution-Engine/.venv/lib/python3.12/site-packages/pluggy/_callers.py", line 121, in _multicall
    |     res = hook_impl.function(*args)
    |           ^^^^^^^^^^^^^^^^^^^^^^^^^
    |   File "/Users/hemanthchowdary/Neural-Constitution-Engine/.venv/lib/python3.12/site-packages/_pytest/runner.py", line 184, in pytest_runtest_call
    |     item.runtest()
    |   File "/Users/hemanthchowdary/Neural-Constitution-Engine/.venv/lib/python3.12/site-packages/_pytest/python.py", line 1707, in runtest
    |     self.ihook.pytest_pyfunc_call(pyfuncitem=self)
    |   File "/Users/hemanthchowdary/Neural-Constitution-Engine/.venv/lib/python3.12/site-packages/pluggy/_hooks.py", line 512, in __call__
    |     return self._hookexec(self.name, self._hookimpls.copy(), kwargs, firstresult)
    |            ^^^^^^^^^^^^^^^^^^^^^^^^^^^^^^^^^^^^^^^^^^^^^^^^^^^^^^^^^^^^^^^^^^^^^^
    |   File "/Users/hemanthchowdary/Neural-Constitution-Engine/.venv/lib/python3.12/site-packages/pluggy/_manager.py", line 120, in _hookexec
    |     return self._inner_hookexec(hook_name, methods, kwargs, firstresult)
    |            ^^^^^^^^^^^^^^^^^^^^^^^^^^^^^^^^^^^^^^^^^^^^^^^^^^^^^^^^^^^^^
    |   File "/Users/hemanthchowdary/Neural-Constitution-Engine/.venv/lib/python3.12/site-packages/pluggy/_callers.py", line 167, in _multicall
    |     raise exception
    |   File "/Users/hemanthchowdary/Neural-Constitution-Engine/.venv/lib/python3.12/site-packages/pluggy/_callers.py", line 139, in _multicall
    |     teardown.throw(exception)
    |   File "/Users/hemanthchowdary/Neural-Constitution-Engine/.venv/lib/python3.12/site-packages/pluggy/_callers.py", line 53, in run_old_style_hookwrapper
    |     return result.get_result()
    |            ^^^^^^^^^^^^^^^^^^^
    |   File "/Users/hemanthchowdary/Neural-Constitution-Engine/.venv/lib/python3.12/site-packages/pluggy/_result.py", line 103, in get_result
    |     raise exc.with_traceback(tb)
    |   File "/Users/hemanthchowdary/Neural-Constitution-Engine/.venv/lib/python3.12/site-packages/pluggy/_callers.py", line 38, in run_old_style_hookwrapper
    |     res = yield
    |           ^^^^^
    |   File "/Users/hemanthchowdary/Neural-Constitution-Engine/.venv/lib/python3.12/site-packages/pluggy/_callers.py", line 121, in _multicall
    |     res = hook_impl.function(*args)
    |           ^^^^^^^^^^^^^^^^^^^^^^^^^
    |   File "/Users/hemanthchowdary/Neural-Constitution-Engine/.venv/lib/python3.12/site-packages/_pytest/python.py", line 167, in pytest_pyfunc_call
    |     result = testfunction(**testargs)
    |              ^^^^^^^^^^^^^^^^^^^^^^^^
    |   File "/Users/hemanthchowdary/Neural-Constitution-Engine/backend/tests/api/test_routes.py", line 90, in test_evaluate_decision
    |     response = client.post("/evaluate", json=payload)
    |                ^^^^^^^^^^^^^^^^^^^^^^^^^^^^^^^^^^^^^^
    |   File "/Users/hemanthchowdary/Neural-Constitution-Engine/.venv/lib/python3.12/site-packages/starlette/testclient.py", line 633, in post
    |     return super().post(
    |            ^^^^^^^^^^^^^
    |   File "/Users/hemanthchowdary/Neural-Constitution-Engine/.venv/lib/python3.12/site-packages/httpx/_client.py", line 1144, in post
    |     return self.request(
    |            ^^^^^^^^^^^^^
    |   File "/Users/hemanthchowdary/Neural-Constitution-Engine/.venv/lib/python3.12/site-packages/starlette/testclient.py", line 516, in request
    |     return super().request(
    |            ^^^^^^^^^^^^^^^^
    |   File "/Users/hemanthchowdary/Neural-Constitution-Engine/.venv/lib/python3.12/site-packages/httpx/_client.py", line 825, in request
    |     return self.send(request, auth=auth, follow_redirects=follow_redirects)
    |            ^^^^^^^^^^^^^^^^^^^^^^^^^^^^^^^^^^^^^^^^^^^^^^^^^^^^^^^^^^^^^^^^
    |   File "/Users/hemanthchowdary/Neural-Constitution-Engine/.venv/lib/python3.12/site-packages/httpx/_client.py", line 914, in send
    |     response = self._send_handling_auth(
    |                ^^^^^^^^^^^^^^^^^^^^^^^^^
    |   File "/Users/hemanthchowdary/Neural-Constitution-Engine/.venv/lib/python3.12/site-packages/httpx/_client.py", line 942, in _send_handling_auth
    |     response = self._send_handling_redirects(
    |                ^^^^^^^^^^^^^^^^^^^^^^^^^^^^^^
    |   File "/Users/hemanthchowdary/Neural-Constitution-Engine/.venv/lib/python3.12/site-packages/httpx/_client.py", line 979, in _send_handling_redirects
    |     response = self._send_single_request(request)
    |                ^^^^^^^^^^^^^^^^^^^^^^^^^^^^^^^^^^
    |   File "/Users/hemanthchowdary/Neural-Constitution-Engine/.venv/lib/python3.12/site-packages/httpx/_client.py", line 1014, in _send_single_request
    |     response = transport.handle_request(request)
    |                ^^^^^^^^^^^^^^^^^^^^^^^^^^^^^^^^^
    |   File "/Users/hemanthchowdary/Neural-Constitution-Engine/.venv/lib/python3.12/site-packages/starlette/testclient.py", line 398, in handle_request
    |     raise exc
    |   File "/Users/hemanthchowdary/Neural-Constitution-Engine/.venv/lib/python3.12/site-packages/starlette/testclient.py", line 395, in handle_request
    |     portal.call(self.app, scope, receive, send)
    |   File "/Users/hemanthchowdary/Neural-Constitution-Engine/.venv/lib/python3.12/site-packages/anyio/from_thread.py", line 338, in call
    |     return cast(T_Retval, self.start_task_soon(func, *args).result())
    |                           ^^^^^^^^^^^^^^^^^^^^^^^^^^^^^^^^^^^^^^^^^^
    |   File "/opt/anaconda3/lib/python3.12/concurrent/futures/_base.py", line 456, in result
    |     return self.__get_result()
    |            ^^^^^^^^^^^^^^^^^^^
    |   File "/opt/anaconda3/lib/python3.12/concurrent/futures/_base.py", line 401, in __get_result
    |     raise self._exception
    |   File "/Users/hemanthchowdary/Neural-Constitution-Engine/.venv/lib/python3.12/site-packages/anyio/from_thread.py", line 263, in _call_func
    |     retval = await retval_or_awaitable
    |              ^^^^^^^^^^^^^^^^^^^^^^^^^
    |   File "/Users/hemanthchowdary/Neural-Constitution-Engine/.venv/lib/python3.12/site-packages/fastapi/applications.py", line 1054, in __call__
    |     await super().__call__(scope, receive, send)
    |   File "/Users/hemanthchowdary/Neural-Constitution-Engine/.venv/lib/python3.12/site-packages/starlette/applications.py", line 123, in __call__
    |     await self.middleware_stack(scope, receive, send)
    |   File "/Users/hemanthchowdary/Neural-Constitution-Engine/.venv/lib/python3.12/site-packages/starlette/middleware/errors.py", line 186, in __call__
    |     raise exc
    |   File "/Users/hemanthchowdary/Neural-Constitution-Engine/.venv/lib/python3.12/site-packages/starlette/middleware/errors.py", line 164, in __call__
    |     await self.app(scope, receive, _send)
    |   File "/Users/hemanthchowdary/Neural-Constitution-Engine/.venv/lib/python3.12/site-packages/starlette/middleware/cors.py", line 85, in __call__
    |     await self.app(scope, receive, send)
    |   File "/Users/hemanthchowdary/Neural-Constitution-Engine/.venv/lib/python3.12/site-packages/starlette/middleware/base.py", line 189, in __call__
    |     with collapse_excgroups():
    |          ^^^^^^^^^^^^^^^^^^^^
    |   File "/opt/anaconda3/lib/python3.12/contextlib.py", line 158, in __exit__
    |     self.gen.throw(value)
    |   File "/Users/hemanthchowdary/Neural-Constitution-Engine/.venv/lib/python3.12/site-packages/starlette/_utils.py", line 93, in collapse_excgroups
    |     raise exc
    |   File "/Users/hemanthchowdary/Neural-Constitution-Engine/.venv/lib/python3.12/site-packages/starlette/middleware/base.py", line 191, in __call__
    |     response = await self.dispatch_func(request, call_next)
    |                ^^^^^^^^^^^^^^^^^^^^^^^^^^^^^^^^^^^^^^^^^^^^
    |   File "/Users/hemanthchowdary/Neural-Constitution-Engine/backend/api/middleware.py", line 19, in dispatch
    |     response = await call_next(request)
    |                ^^^^^^^^^^^^^^^^^^^^^^^^
    |   File "/Users/hemanthchowdary/Neural-Constitution-Engine/.venv/lib/python3.12/site-packages/starlette/middleware/base.py", line 165, in call_next
    |     raise app_exc
    |   File "/Users/hemanthchowdary/Neural-Constitution-Engine/.venv/lib/python3.12/site-packages/starlette/middleware/base.py", line 151, in coro
    |     await self.app(scope, receive_or_disconnect, send_no_error)
    |   File "/Users/hemanthchowdary/Neural-Constitution-Engine/.venv/lib/python3.12/site-packages/starlette/middleware/exceptions.py", line 65, in __call__
    |     await wrap_app_handling_exceptions(self.app, conn)(scope, receive, send)
    |   File "/Users/hemanthchowdary/Neural-Constitution-Engine/.venv/lib/python3.12/site-packages/starlette/_exception_handler.py", line 64, in wrapped_app
    |     raise exc
    |   File "/Users/hemanthchowdary/Neural-Constitution-Engine/.venv/lib/python3.12/site-packages/starlette/_exception_handler.py", line 53, in wrapped_app
    |     await app(scope, receive, sender)
    |   File "/Users/hemanthchowdary/Neural-Constitution-Engine/.venv/lib/python3.12/site-packages/starlette/routing.py", line 756, in __call__
    |     await self.middleware_stack(scope, receive, send)
    |   File "/Users/hemanthchowdary/Neural-Constitution-Engine/.venv/lib/python3.12/site-packages/starlette/routing.py", line 776, in app
    |     await route.handle(scope, receive, send)
    |   File "/Users/hemanthchowdary/Neural-Constitution-Engine/.venv/lib/python3.12/site-packages/starlette/routing.py", line 297, in handle
    |     await self.app(scope, receive, send)
    |   File "/Users/hemanthchowdary/Neural-Constitution-Engine/.venv/lib/python3.12/site-packages/starlette/routing.py", line 77, in app
    |     await wrap_app_handling_exceptions(app, request)(scope, receive, send)
    |   File "/Users/hemanthchowdary/Neural-Constitution-Engine/.venv/lib/python3.12/site-packages/starlette/_exception_handler.py", line 64, in wrapped_app
    |     raise exc
    |   File "/Users/hemanthchowdary/Neural-Constitution-Engine/.venv/lib/python3.12/site-packages/starlette/_exception_handler.py", line 53, in wrapped_app
    |     await app(scope, receive, sender)
    |   File "/Users/hemanthchowdary/Neural-Constitution-Engine/.venv/lib/python3.12/site-packages/starlette/routing.py", line 72, in app
    |     response = await func(request)
    |                ^^^^^^^^^^^^^^^^^^^
    |   File "/Users/hemanthchowdary/Neural-Constitution-Engine/.venv/lib/python3.12/site-packages/fastapi/routing.py", line 278, in app
    |     raw_response = await run_endpoint_function(
    |                    ^^^^^^^^^^^^^^^^^^^^^^^^^^^^
    |   File "/Users/hemanthchowdary/Neural-Constitution-Engine/.venv/lib/python3.12/site-packages/fastapi/routing.py", line 191, in run_endpoint_function
    |     return await dependant.call(**values)
    |            ^^^^^^^^^^^^^^^^^^^^^^^^^^^^^^
    |   File "/Users/hemanthchowdary/Neural-Constitution-Engine/backend/api/routes/evaluate.py", line 27, in evaluate_decision
    |     return await eval_service.evaluate_decision(organization_id, request_data)
    |            ^^^^^^^^^^^^^^^^^^^^^^^^^^^^^^^^^^^^^^^^^^^^^^^^^^^^^^^^^^^^^^^^^^^
    |   File "/Users/hemanthchowdary/Neural-Constitution-Engine/backend/application/services/evaluation_service.py", line 21, in evaluate_decision
    |     engine = await self.engine_manager.get_engine(self.db, organization_id)
    |              ^^^^^^^^^^^^^^^^^^^^^^^^^^^^^^^^^^^^^^^^^^^^^^^^^^^^^^^^^^^^^^
    |   File "/Users/hemanthchowdary/Neural-Constitution-Engine/backend/application/services/engine_manager.py", line 49, in get_engine
    |     raise ValueError(f"No active constitution found for organization: {organization_id}")
    | ValueError: No active constitution found for organization: test-org
    +------------------------------------

During handling of the above exception, another exception occurred:

Traceback (most recent call last):
  File "/Users/hemanthchowdary/Neural-Constitution-Engine/backend/tests/api/test_routes.py", line 90, in test_evaluate_decision
    response = client.post("/evaluate", json=payload)
               ^^^^^^^^^^^^^^^^^^^^^^^^^^^^^^^^^^^^^^
  File "/Users/hemanthchowdary/Neural-Constitution-Engine/.venv/lib/python3.12/site-packages/starlette/testclient.py", line 633, in post
    return super().post(
           ^^^^^^^^^^^^^
  File "/Users/hemanthchowdary/Neural-Constitution-Engine/.venv/lib/python3.12/site-packages/httpx/_client.py", line 1144, in post
    return self.request(
           ^^^^^^^^^^^^^
  File "/Users/hemanthchowdary/Neural-Constitution-Engine/.venv/lib/python3.12/site-packages/starlette/testclient.py", line 516, in request
    return super().request(
           ^^^^^^^^^^^^^^^^
  File "/Users/hemanthchowdary/Neural-Constitution-Engine/.venv/lib/python3.12/site-packages/httpx/_client.py", line 825, in request
    return self.send(request, auth=auth, follow_redirects=follow_redirects)
           ^^^^^^^^^^^^^^^^^^^^^^^^^^^^^^^^^^^^^^^^^^^^^^^^^^^^^^^^^^^^^^^^
  File "/Users/hemanthchowdary/Neural-Constitution-Engine/.venv/lib/python3.12/site-packages/httpx/_client.py", line 914, in send
    response = self._send_handling_auth(
               ^^^^^^^^^^^^^^^^^^^^^^^^^
  File "/Users/hemanthchowdary/Neural-Constitution-Engine/.venv/lib/python3.12/site-packages/httpx/_client.py", line 942, in _send_handling_auth
    response = self._send_handling_redirects(
               ^^^^^^^^^^^^^^^^^^^^^^^^^^^^^^
  File "/Users/hemanthchowdary/Neural-Constitution-Engine/.venv/lib/python3.12/site-packages/httpx/_client.py", line 979, in _send_handling_redirects
    response = self._send_single_request(request)
               ^^^^^^^^^^^^^^^^^^^^^^^^^^^^^^^^^^
  File "/Users/hemanthchowdary/Neural-Constitution-Engine/.venv/lib/python3.12/site-packages/httpx/_client.py", line 1014, in _send_single_request
    response = transport.handle_request(request)
               ^^^^^^^^^^^^^^^^^^^^^^^^^^^^^^^^^
  File "/Users/hemanthchowdary/Neural-Constitution-Engine/.venv/lib/python3.12/site-packages/starlette/testclient.py", line 398, in handle_request
    raise exc
  File "/Users/hemanthchowdary/Neural-Constitution-Engine/.venv/lib/python3.12/site-packages/starlette/testclient.py", line 395, in handle_request
    portal.call(self.app, scope, receive, send)
  File "/Users/hemanthchowdary/Neural-Constitution-Engine/.venv/lib/python3.12/site-packages/anyio/from_thread.py", line 338, in call
    return cast(T_Retval, self.start_task_soon(func, *args).result())
                          ^^^^^^^^^^^^^^^^^^^^^^^^^^^^^^^^^^^^^^^^^^
  File "/opt/anaconda3/lib/python3.12/concurrent/futures/_base.py", line 456, in result
    return self.__get_result()
           ^^^^^^^^^^^^^^^^^^^
  File "/opt/anaconda3/lib/python3.12/concurrent/futures/_base.py", line 401, in __get_result
    raise self._exception
  File "/Users/hemanthchowdary/Neural-Constitution-Engine/.venv/lib/python3.12/site-packages/anyio/from_thread.py", line 263, in _call_func
    retval = await retval_or_awaitable
             ^^^^^^^^^^^^^^^^^^^^^^^^^
  File "/Users/hemanthchowdary/Neural-Constitution-Engine/.venv/lib/python3.12/site-packages/fastapi/applications.py", line 1054, in __call__
    await super().__call__(scope, receive, send)
  File "/Users/hemanthchowdary/Neural-Constitution-Engine/.venv/lib/python3.12/site-packages/starlette/applications.py", line 123, in __call__
    await self.middleware_stack(scope, receive, send)
  File "/Users/hemanthchowdary/Neural-Constitution-Engine/.venv/lib/python3.12/site-packages/starlette/middleware/errors.py", line 186, in __call__
    raise exc
  File "/Users/hemanthchowdary/Neural-Constitution-Engine/.venv/lib/python3.12/site-packages/starlette/middleware/errors.py", line 164, in __call__
    await self.app(scope, receive, _send)
  File "/Users/hemanthchowdary/Neural-Constitution-Engine/.venv/lib/python3.12/site-packages/starlette/middleware/cors.py", line 85, in __call__
    await self.app(scope, receive, send)
  File "/Users/hemanthchowdary/Neural-Constitution-Engine/.venv/lib/python3.12/site-packages/starlette/middleware/base.py", line 189, in __call__
    with collapse_excgroups():
         ^^^^^^^^^^^^^^^^^^^^
  File "/opt/anaconda3/lib/python3.12/contextlib.py", line 158, in __exit__
    self.gen.throw(value)
  File "/Users/hemanthchowdary/Neural-Constitution-Engine/.venv/lib/python3.12/site-packages/starlette/_utils.py", line 93, in collapse_excgroups
    raise exc
  File "/Users/hemanthchowdary/Neural-Constitution-Engine/.venv/lib/python3.12/site-packages/starlette/middleware/base.py", line 191, in __call__
    response = await self.dispatch_func(request, call_next)
               ^^^^^^^^^^^^^^^^^^^^^^^^^^^^^^^^^^^^^^^^^^^^
  File "/Users/hemanthchowdary/Neural-Constitution-Engine/backend/api/middleware.py", line 19, in dispatch
    response = await call_next(request)
               ^^^^^^^^^^^^^^^^^^^^^^^^
  File "/Users/hemanthchowdary/Neural-Constitution-Engine/.venv/lib/python3.12/site-packages/starlette/middleware/base.py", line 165, in call_next
    raise app_exc
  File "/Users/hemanthchowdary/Neural-Constitution-Engine/.venv/lib/python3.12/site-packages/starlette/middleware/base.py", line 151, in coro
    await self.app(scope, receive_or_disconnect, send_no_error)
  File "/Users/hemanthchowdary/Neural-Constitution-Engine/.venv/lib/python3.12/site-packages/starlette/middleware/exceptions.py", line 65, in __call__
    await wrap_app_handling_exceptions(self.app, conn)(scope, receive, send)
  File "/Users/hemanthchowdary/Neural-Constitution-Engine/.venv/lib/python3.12/site-packages/starlette/_exception_handler.py", line 64, in wrapped_app
    raise exc
  File "/Users/hemanthchowdary/Neural-Constitution-Engine/.venv/lib/python3.12/site-packages/starlette/_exception_handler.py", line 53, in wrapped_app
    await app(scope, receive, sender)
  File "/Users/hemanthchowdary/Neural-Constitution-Engine/.venv/lib/python3.12/site-packages/starlette/routing.py", line 756, in __call__
    await self.middleware_stack(scope, receive, send)
  File "/Users/hemanthchowdary/Neural-Constitution-Engine/.venv/lib/python3.12/site-packages/starlette/routing.py", line 776, in app
    await route.handle(scope, receive, send)
  File "/Users/hemanthchowdary/Neural-Constitution-Engine/.venv/lib/python3.12/site-packages/starlette/routing.py", line 297, in handle
    await self.app(scope, receive, send)
  File "/Users/hemanthchowdary/Neural-Constitution-Engine/.venv/lib/python3.12/site-packages/starlette/routing.py", line 77, in app
    await wrap_app_handling_exceptions(app, request)(scope, receive, send)
  File "/Users/hemanthchowdary/Neural-Constitution-Engine/.venv/lib/python3.12/site-packages/starlette/_exception_handler.py", line 64, in wrapped_app
    raise exc
  File "/Users/hemanthchowdary/Neural-Constitution-Engine/.venv/lib/python3.12/site-packages/starlette/_exception_handler.py", line 53, in wrapped_app
    await app(scope, receive, sender)
  File "/Users/hemanthchowdary/Neural-Constitution-Engine/.venv/lib/python3.12/site-packages/starlette/routing.py", line 72, in app
    response = await func(request)
               ^^^^^^^^^^^^^^^^^^^
  File "/Users/hemanthchowdary/Neural-Constitution-Engine/.venv/lib/python3.12/site-packages/fastapi/routing.py", line 278, in app
    raw_response = await run_endpoint_function(
                   ^^^^^^^^^^^^^^^^^^^^^^^^^^^^
  File "/Users/hemanthchowdary/Neural-Constitution-Engine/.venv/lib/python3.12/site-packages/fastapi/routing.py", line 191, in run_endpoint_function
    return await dependant.call(**values)
           ^^^^^^^^^^^^^^^^^^^^^^^^^^^^^^
  File "/Users/hemanthchowdary/Neural-Constitution-Engine/backend/api/routes/evaluate.py", line 27, in evaluate_decision
    return await eval_service.evaluate_decision(organization_id, request_data)
           ^^^^^^^^^^^^^^^^^^^^^^^^^^^^^^^^^^^^^^^^^^^^^^^^^^^^^^^^^^^^^^^^^^^
  File "/Users/hemanthchowdary/Neural-Constitution-Engine/backend/application/services/evaluation_service.py", line 21, in evaluate_decision
    engine = await self.engine_manager.get_engine(self.db, organization_id)
             ^^^^^^^^^^^^^^^^^^^^^^^^^^^^^^^^^^^^^^^^^^^^^^^^^^^^^^^^^^^^^^
  File "/Users/hemanthchowdary/Neural-Constitution-Engine/backend/application/services/engine_manager.py", line 49, in get_engine
    raise ValueError(f"No active constitution found for organization: {organization_id}")
ValueError: No active constitution found for organization: test-org

During handling of the above exception, another exception occurred:

client = <starlette.testclient.TestClient object at 0x105e15ca0>

    def test_evaluate_decision(client: TestClient) -> None:
        """Test the /evaluate endpoint with a valid payload."""
        payload = {
            "api_version": "nce/v1",
            "id": "123e4567-e89b-12d3-a456-426614174000",
            "actor": {"id": "agent-123", "type": "agent", "roles": [], "attributes": {}},
            "action": {"type": "db.drop", "params": {"table": "customers"}},
            "context": {
                "constitution_id": "test",
                "constitution_version": "1.0",
                "environment": {"name": "production", "timestamp": "2026-06-29T00:00:00Z"},
                "correlation_id": "123e4567-e89b-12d3-a456-426614174000",
            },
            "submitted_at": "2026-06-29T00:00:00Z",
        }

>       response = client.post("/evaluate", json=payload)
                   ^^^^^^^^^^^^^^^^^^^^^^^^^^^^^^^^^^^^^^

backend/tests/api/test_routes.py:90:
_ _ _ _ _ _ _ _ _ _ _ _ _ _ _ _ _ _ _ _ _ _ _ _ _ _ _ _ _ _ _ _ _ _ _ _ _ _ _ _
.venv/lib/python3.12/site-packages/starlette/testclient.py:633: in post
    return super().post(
.venv/lib/python3.12/site-packages/httpx/_client.py:1144: in post
    return self.request(
.venv/lib/python3.12/site-packages/starlette/testclient.py:516: in request
    return super().request(
.venv/lib/python3.12/site-packages/httpx/_client.py:825: in request
    return self.send(request, auth=auth, follow_redirects=follow_redirects)
           ^^^^^^^^^^^^^^^^^^^^^^^^^^^^^^^^^^^^^^^^^^^^^^^^^^^^^^^^^^^^^^^^
.venv/lib/python3.12/site-packages/httpx/_client.py:914: in send
    response = self._send_handling_auth(
.venv/lib/python3.12/site-packages/httpx/_client.py:942: in _send_handling_auth
    response = self._send_handling_redirects(
.venv/lib/python3.12/site-packages/httpx/_client.py:979: in _send_handling_redirects
    response = self._send_single_request(request)
               ^^^^^^^^^^^^^^^^^^^^^^^^^^^^^^^^^^
.venv/lib/python3.12/site-packages/httpx/_client.py:1014: in _send_single_request
    response = transport.handle_request(request)
               ^^^^^^^^^^^^^^^^^^^^^^^^^^^^^^^^^
.venv/lib/python3.12/site-packages/starlette/testclient.py:398: in handle_request
    raise exc
.venv/lib/python3.12/site-packages/starlette/testclient.py:395: in handle_request
    portal.call(self.app, scope, receive, send)
.venv/lib/python3.12/site-packages/anyio/from_thread.py:338: in call
    return cast(T_Retval, self.start_task_soon(func, *args).result())
                          ^^^^^^^^^^^^^^^^^^^^^^^^^^^^^^^^^^^^^^^^^^
/opt/anaconda3/lib/python3.12/concurrent/futures/_base.py:456: in result
    return self.__get_result()
           ^^^^^^^^^^^^^^^^^^^
/opt/anaconda3/lib/python3.12/concurrent/futures/_base.py:401: in __get_result
    raise self._exception
.venv/lib/python3.12/site-packages/anyio/from_thread.py:263: in _call_func
    retval = await retval_or_awaitable
             ^^^^^^^^^^^^^^^^^^^^^^^^^
.venv/lib/python3.12/site-packages/fastapi/applications.py:1054: in __call__
    await super().__call__(scope, receive, send)
.venv/lib/python3.12/site-packages/starlette/applications.py:123: in __call__
    await self.middleware_stack(scope, receive, send)
.venv/lib/python3.12/site-packages/starlette/middleware/errors.py:186: in __call__
    raise exc
.venv/lib/python3.12/site-packages/starlette/middleware/errors.py:164: in __call__
    await self.app(scope, receive, _send)
.venv/lib/python3.12/site-packages/starlette/middleware/cors.py:85: in __call__
    await self.app(scope, receive, send)
.venv/lib/python3.12/site-packages/starlette/middleware/base.py:189: in __call__
    with collapse_excgroups():
         ^^^^^^^^^^^^^^^^^^^^
/opt/anaconda3/lib/python3.12/contextlib.py:158: in __exit__
    self.gen.throw(value)
.venv/lib/python3.12/site-packages/starlette/_utils.py:93: in collapse_excgroups
    raise exc
.venv/lib/python3.12/site-packages/starlette/middleware/base.py:191: in __call__
    response = await self.dispatch_func(request, call_next)
               ^^^^^^^^^^^^^^^^^^^^^^^^^^^^^^^^^^^^^^^^^^^^
backend/api/middleware.py:19: in dispatch
    response = await call_next(request)
               ^^^^^^^^^^^^^^^^^^^^^^^^
.venv/lib/python3.12/site-packages/starlette/middleware/base.py:165: in call_next
    raise app_exc
.venv/lib/python3.12/site-packages/starlette/middleware/base.py:151: in coro
    await self.app(scope, receive_or_disconnect, send_no_error)
.venv/lib/python3.12/site-packages/starlette/middleware/exceptions.py:65: in __call__
    await wrap_app_handling_exceptions(self.app, conn)(scope, receive, send)
.venv/lib/python3.12/site-packages/starlette/_exception_handler.py:64: in wrapped_app
    raise exc
.venv/lib/python3.12/site-packages/starlette/_exception_handler.py:53: in wrapped_app
    await app(scope, receive, sender)
.venv/lib/python3.12/site-packages/starlette/routing.py:756: in __call__
    await self.middleware_stack(scope, receive, send)
.venv/lib/python3.12/site-packages/starlette/routing.py:776: in app
    await route.handle(scope, receive, send)
.venv/lib/python3.12/site-packages/starlette/routing.py:297: in handle
    await self.app(scope, receive, send)
.venv/lib/python3.12/site-packages/starlette/routing.py:77: in app
    await wrap_app_handling_exceptions(app, request)(scope, receive, send)
.venv/lib/python3.12/site-packages/starlette/_exception_handler.py:64: in wrapped_app
    raise exc
.venv/lib/python3.12/site-packages/starlette/_exception_handler.py:53: in wrapped_app
    await app(scope, receive, sender)
.venv/lib/python3.12/site-packages/starlette/routing.py:72: in app
    response = await func(request)
               ^^^^^^^^^^^^^^^^^^^
.venv/lib/python3.12/site-packages/fastapi/routing.py:278: in app
    raw_response = await run_endpoint_function(
.venv/lib/python3.12/site-packages/fastapi/routing.py:191: in run_endpoint_function
    return await dependant.call(**values)
           ^^^^^^^^^^^^^^^^^^^^^^^^^^^^^^
backend/api/routes/evaluate.py:27: in evaluate_decision
    return await eval_service.evaluate_decision(organization_id, request_data)
           ^^^^^^^^^^^^^^^^^^^^^^^^^^^^^^^^^^^^^^^^^^^^^^^^^^^^^^^^^^^^^^^^^^^
backend/application/services/evaluation_service.py:21: in evaluate_decision
    engine = await self.engine_manager.get_engine(self.db, organization_id)
             ^^^^^^^^^^^^^^^^^^^^^^^^^^^^^^^^^^^^^^^^^^^^^^^^^^^^^^^^^^^^^^
_ _ _ _ _ _ _ _ _ _ _ _ _ _ _ _ _ _ _ _ _ _ _ _ _ _ _ _ _ _ _ _ _ _ _ _ _ _ _ _

self = <backend.application.services.engine_manager.EngineManager object at 0x105aac380>
db = <sqlalchemy.ext.asyncio.session.AsyncSession object at 0x105e4b860>
organization_id = 'test-org', constitution_version = None

    async def get_engine(self, db: AsyncSession, organization_id: str, constitution_version: Optional[str] = None) -> Engine:
        """
        Retrieves an Engine instance for the given organization.
        If constitution_version is not provided, it fetches the currently active version.
        """
        repo = ConstitutionRepository(db)

        if constitution_version is None:
            active_record = await repo.get_active_constitution(organization_id)
            if not active_record:
>               raise ValueError(f"No active constitution found for organization: {organization_id}")
E               ValueError: No active constitution found for organization: test-org

backend/application/services/engine_manager.py:49: ValueError
______________________________ test_evaluate_plan ______________________________
  + Exception Group Traceback (most recent call last):
  |   File "/Users/hemanthchowdary/Neural-Constitution-Engine/.venv/lib/python3.12/site-packages/starlette/_utils.py", line 87, in collapse_excgroups
  |     yield
  |   File "/Users/hemanthchowdary/Neural-Constitution-Engine/.venv/lib/python3.12/site-packages/starlette/middleware/base.py", line 190, in __call__
  |     async with anyio.create_task_group() as task_group:
  |                ^^^^^^^^^^^^^^^^^^^^^^^^^
  |   File "/Users/hemanthchowdary/Neural-Constitution-Engine/.venv/lib/python3.12/site-packages/anyio/_backends/_asyncio.py", line 811, in __aexit__
  |     raise BaseExceptionGroup(
  | ExceptionGroup: unhandled errors in a TaskGroup (1 sub-exception)
  +-+---------------- 1 ----------------
    | Traceback (most recent call last):
    |   File "/Users/hemanthchowdary/Neural-Constitution-Engine/.venv/lib/python3.12/site-packages/_pytest/runner.py", line 361, in from_call
    |     result: TResult | None = func()
    |                              ^^^^^^
    |   File "/Users/hemanthchowdary/Neural-Constitution-Engine/.venv/lib/python3.12/site-packages/_pytest/runner.py", line 250, in <lambda>
    |     lambda: runtest_hook(item=item, **kwds),
    |             ^^^^^^^^^^^^^^^^^^^^^^^^^^^^^^^
    |   File "/Users/hemanthchowdary/Neural-Constitution-Engine/.venv/lib/python3.12/site-packages/pluggy/_hooks.py", line 512, in __call__
    |     return self._hookexec(self.name, self._hookimpls.copy(), kwargs, firstresult)
    |            ^^^^^^^^^^^^^^^^^^^^^^^^^^^^^^^^^^^^^^^^^^^^^^^^^^^^^^^^^^^^^^^^^^^^^^
    |   File "/Users/hemanthchowdary/Neural-Constitution-Engine/.venv/lib/python3.12/site-packages/pluggy/_manager.py", line 120, in _hookexec
    |     return self._inner_hookexec(hook_name, methods, kwargs, firstresult)
    |            ^^^^^^^^^^^^^^^^^^^^^^^^^^^^^^^^^^^^^^^^^^^^^^^^^^^^^^^^^^^^^
    |   File "/Users/hemanthchowdary/Neural-Constitution-Engine/.venv/lib/python3.12/site-packages/pluggy/_callers.py", line 167, in _multicall
    |     raise exception
    |   File "/Users/hemanthchowdary/Neural-Constitution-Engine/.venv/lib/python3.12/site-packages/pluggy/_callers.py", line 139, in _multicall
    |     teardown.throw(exception)
    |   File "/Users/hemanthchowdary/Neural-Constitution-Engine/.venv/lib/python3.12/site-packages/_pytest/logging.py", line 865, in pytest_runtest_call
    |     yield
    |   File "/Users/hemanthchowdary/Neural-Constitution-Engine/.venv/lib/python3.12/site-packages/pluggy/_callers.py", line 139, in _multicall
    |     teardown.throw(exception)
    |   File "/Users/hemanthchowdary/Neural-Constitution-Engine/.venv/lib/python3.12/site-packages/pluggy/_callers.py", line 53, in run_old_style_hookwrapper
    |     return result.get_result()
    |            ^^^^^^^^^^^^^^^^^^^
    |   File "/Users/hemanthchowdary/Neural-Constitution-Engine/.venv/lib/python3.12/site-packages/pluggy/_result.py", line 103, in get_result
    |     raise exc.with_traceback(tb)
    |   File "/Users/hemanthchowdary/Neural-Constitution-Engine/.venv/lib/python3.12/site-packages/pluggy/_callers.py", line 38, in run_old_style_hookwrapper
    |     res = yield
    |           ^^^^^
    |   File "/Users/hemanthchowdary/Neural-Constitution-Engine/.venv/lib/python3.12/site-packages/pluggy/_callers.py", line 139, in _multicall
    |     teardown.throw(exception)
    |   File "/Users/hemanthchowdary/Neural-Constitution-Engine/.venv/lib/python3.12/site-packages/_pytest/capture.py", line 900, in pytest_runtest_call
    |     return (yield)
    |             ^^^^^
    |   File "/Users/hemanthchowdary/Neural-Constitution-Engine/.venv/lib/python3.12/site-packages/pluggy/_callers.py", line 139, in _multicall
    |     teardown.throw(exception)
    |   File "/Users/hemanthchowdary/Neural-Constitution-Engine/.venv/lib/python3.12/site-packages/pluggy/_callers.py", line 53, in run_old_style_hookwrapper
    |     return result.get_result()
    |            ^^^^^^^^^^^^^^^^^^^
    |   File "/Users/hemanthchowdary/Neural-Constitution-Engine/.venv/lib/python3.12/site-packages/pluggy/_result.py", line 103, in get_result
    |     raise exc.with_traceback(tb)
    |   File "/Users/hemanthchowdary/Neural-Constitution-Engine/.venv/lib/python3.12/site-packages/pluggy/_callers.py", line 38, in run_old_style_hookwrapper
    |     res = yield
    |           ^^^^^
    |   File "/Users/hemanthchowdary/Neural-Constitution-Engine/.venv/lib/python3.12/site-packages/pluggy/_callers.py", line 139, in _multicall
    |     teardown.throw(exception)
    |   File "/Users/hemanthchowdary/Neural-Constitution-Engine/.venv/lib/python3.12/site-packages/_pytest/skipping.py", line 268, in pytest_runtest_call
    |     return (yield)
    |             ^^^^^
    |   File "/Users/hemanthchowdary/Neural-Constitution-Engine/.venv/lib/python3.12/site-packages/pluggy/_callers.py", line 121, in _multicall
    |     res = hook_impl.function(*args)
    |           ^^^^^^^^^^^^^^^^^^^^^^^^^
    |   File "/Users/hemanthchowdary/Neural-Constitution-Engine/.venv/lib/python3.12/site-packages/_pytest/runner.py", line 184, in pytest_runtest_call
    |     item.runtest()
    |   File "/Users/hemanthchowdary/Neural-Constitution-Engine/.venv/lib/python3.12/site-packages/_pytest/python.py", line 1707, in runtest
    |     self.ihook.pytest_pyfunc_call(pyfuncitem=self)
    |   File "/Users/hemanthchowdary/Neural-Constitution-Engine/.venv/lib/python3.12/site-packages/pluggy/_hooks.py", line 512, in __call__
    |     return self._hookexec(self.name, self._hookimpls.copy(), kwargs, firstresult)
    |            ^^^^^^^^^^^^^^^^^^^^^^^^^^^^^^^^^^^^^^^^^^^^^^^^^^^^^^^^^^^^^^^^^^^^^^
    |   File "/Users/hemanthchowdary/Neural-Constitution-Engine/.venv/lib/python3.12/site-packages/pluggy/_manager.py", line 120, in _hookexec
    |     return self._inner_hookexec(hook_name, methods, kwargs, firstresult)
    |            ^^^^^^^^^^^^^^^^^^^^^^^^^^^^^^^^^^^^^^^^^^^^^^^^^^^^^^^^^^^^^
    |   File "/Users/hemanthchowdary/Neural-Constitution-Engine/.venv/lib/python3.12/site-packages/pluggy/_callers.py", line 167, in _multicall
    |     raise exception
    |   File "/Users/hemanthchowdary/Neural-Constitution-Engine/.venv/lib/python3.12/site-packages/pluggy/_callers.py", line 139, in _multicall
    |     teardown.throw(exception)
    |   File "/Users/hemanthchowdary/Neural-Constitution-Engine/.venv/lib/python3.12/site-packages/pluggy/_callers.py", line 53, in run_old_style_hookwrapper
    |     return result.get_result()
    |            ^^^^^^^^^^^^^^^^^^^
    |   File "/Users/hemanthchowdary/Neural-Constitution-Engine/.venv/lib/python3.12/site-packages/pluggy/_result.py", line 103, in get_result
    |     raise exc.with_traceback(tb)
    |   File "/Users/hemanthchowdary/Neural-Constitution-Engine/.venv/lib/python3.12/site-packages/pluggy/_callers.py", line 38, in run_old_style_hookwrapper
    |     res = yield
    |           ^^^^^
    |   File "/Users/hemanthchowdary/Neural-Constitution-Engine/.venv/lib/python3.12/site-packages/pluggy/_callers.py", line 121, in _multicall
    |     res = hook_impl.function(*args)
    |           ^^^^^^^^^^^^^^^^^^^^^^^^^
    |   File "/Users/hemanthchowdary/Neural-Constitution-Engine/.venv/lib/python3.12/site-packages/_pytest/python.py", line 167, in pytest_pyfunc_call
    |     result = testfunction(**testargs)
    |              ^^^^^^^^^^^^^^^^^^^^^^^^
    |   File "/Users/hemanthchowdary/Neural-Constitution-Engine/backend/tests/api/test_routes.py", line 136, in test_evaluate_plan
    |     response = client.post("/plans/evaluate", json=payload)
    |                ^^^^^^^^^^^^^^^^^^^^^^^^^^^^^^^^^^^^^^^^^^^^
    |   File "/Users/hemanthchowdary/Neural-Constitution-Engine/.venv/lib/python3.12/site-packages/starlette/testclient.py", line 633, in post
    |     return super().post(
    |            ^^^^^^^^^^^^^
    |   File "/Users/hemanthchowdary/Neural-Constitution-Engine/.venv/lib/python3.12/site-packages/httpx/_client.py", line 1144, in post
    |     return self.request(
    |            ^^^^^^^^^^^^^
    |   File "/Users/hemanthchowdary/Neural-Constitution-Engine/.venv/lib/python3.12/site-packages/starlette/testclient.py", line 516, in request
    |     return super().request(
    |            ^^^^^^^^^^^^^^^^
    |   File "/Users/hemanthchowdary/Neural-Constitution-Engine/.venv/lib/python3.12/site-packages/httpx/_client.py", line 825, in request
    |     return self.send(request, auth=auth, follow_redirects=follow_redirects)
    |            ^^^^^^^^^^^^^^^^^^^^^^^^^^^^^^^^^^^^^^^^^^^^^^^^^^^^^^^^^^^^^^^^
    |   File "/Users/hemanthchowdary/Neural-Constitution-Engine/.venv/lib/python3.12/site-packages/httpx/_client.py", line 914, in send
    |     response = self._send_handling_auth(
    |                ^^^^^^^^^^^^^^^^^^^^^^^^^
    |   File "/Users/hemanthchowdary/Neural-Constitution-Engine/.venv/lib/python3.12/site-packages/httpx/_client.py", line 942, in _send_handling_auth
    |     response = self._send_handling_redirects(
    |                ^^^^^^^^^^^^^^^^^^^^^^^^^^^^^^
    |   File "/Users/hemanthchowdary/Neural-Constitution-Engine/.venv/lib/python3.12/site-packages/httpx/_client.py", line 979, in _send_handling_redirects
    |     response = self._send_single_request(request)
    |                ^^^^^^^^^^^^^^^^^^^^^^^^^^^^^^^^^^
    |   File "/Users/hemanthchowdary/Neural-Constitution-Engine/.venv/lib/python3.12/site-packages/httpx/_client.py", line 1014, in _send_single_request
    |     response = transport.handle_request(request)
    |                ^^^^^^^^^^^^^^^^^^^^^^^^^^^^^^^^^
    |   File "/Users/hemanthchowdary/Neural-Constitution-Engine/.venv/lib/python3.12/site-packages/starlette/testclient.py", line 398, in handle_request
    |     raise exc
    |   File "/Users/hemanthchowdary/Neural-Constitution-Engine/.venv/lib/python3.12/site-packages/starlette/testclient.py", line 395, in handle_request
    |     portal.call(self.app, scope, receive, send)
    |   File "/Users/hemanthchowdary/Neural-Constitution-Engine/.venv/lib/python3.12/site-packages/anyio/from_thread.py", line 338, in call
    |     return cast(T_Retval, self.start_task_soon(func, *args).result())
    |                           ^^^^^^^^^^^^^^^^^^^^^^^^^^^^^^^^^^^^^^^^^^
    |   File "/opt/anaconda3/lib/python3.12/concurrent/futures/_base.py", line 456, in result
    |     return self.__get_result()
    |            ^^^^^^^^^^^^^^^^^^^
    |   File "/opt/anaconda3/lib/python3.12/concurrent/futures/_base.py", line 401, in __get_result
    |     raise self._exception
    |   File "/Users/hemanthchowdary/Neural-Constitution-Engine/.venv/lib/python3.12/site-packages/anyio/from_thread.py", line 263, in _call_func
    |     retval = await retval_or_awaitable
    |              ^^^^^^^^^^^^^^^^^^^^^^^^^
    |   File "/Users/hemanthchowdary/Neural-Constitution-Engine/.venv/lib/python3.12/site-packages/fastapi/applications.py", line 1054, in __call__
    |     await super().__call__(scope, receive, send)
    |   File "/Users/hemanthchowdary/Neural-Constitution-Engine/.venv/lib/python3.12/site-packages/starlette/applications.py", line 123, in __call__
    |     await self.middleware_stack(scope, receive, send)
    |   File "/Users/hemanthchowdary/Neural-Constitution-Engine/.venv/lib/python3.12/site-packages/starlette/middleware/errors.py", line 186, in __call__
    |     raise exc
    |   File "/Users/hemanthchowdary/Neural-Constitution-Engine/.venv/lib/python3.12/site-packages/starlette/middleware/errors.py", line 164, in __call__
    |     await self.app(scope, receive, _send)
    |   File "/Users/hemanthchowdary/Neural-Constitution-Engine/.venv/lib/python3.12/site-packages/starlette/middleware/cors.py", line 85, in __call__
    |     await self.app(scope, receive, send)
    |   File "/Users/hemanthchowdary/Neural-Constitution-Engine/.venv/lib/python3.12/site-packages/starlette/middleware/base.py", line 189, in __call__
    |     with collapse_excgroups():
    |          ^^^^^^^^^^^^^^^^^^^^
    |   File "/opt/anaconda3/lib/python3.12/contextlib.py", line 158, in __exit__
    |     self.gen.throw(value)
    |   File "/Users/hemanthchowdary/Neural-Constitution-Engine/.venv/lib/python3.12/site-packages/starlette/_utils.py", line 93, in collapse_excgroups
    |     raise exc
    |   File "/Users/hemanthchowdary/Neural-Constitution-Engine/.venv/lib/python3.12/site-packages/starlette/middleware/base.py", line 191, in __call__
    |     response = await self.dispatch_func(request, call_next)
    |                ^^^^^^^^^^^^^^^^^^^^^^^^^^^^^^^^^^^^^^^^^^^^
    |   File "/Users/hemanthchowdary/Neural-Constitution-Engine/backend/api/middleware.py", line 19, in dispatch
    |     response = await call_next(request)
    |                ^^^^^^^^^^^^^^^^^^^^^^^^
    |   File "/Users/hemanthchowdary/Neural-Constitution-Engine/.venv/lib/python3.12/site-packages/starlette/middleware/base.py", line 165, in call_next
    |     raise app_exc
    |   File "/Users/hemanthchowdary/Neural-Constitution-Engine/.venv/lib/python3.12/site-packages/starlette/middleware/base.py", line 151, in coro
    |     await self.app(scope, receive_or_disconnect, send_no_error)
    |   File "/Users/hemanthchowdary/Neural-Constitution-Engine/.venv/lib/python3.12/site-packages/starlette/middleware/exceptions.py", line 65, in __call__
    |     await wrap_app_handling_exceptions(self.app, conn)(scope, receive, send)
    |   File "/Users/hemanthchowdary/Neural-Constitution-Engine/.venv/lib/python3.12/site-packages/starlette/_exception_handler.py", line 64, in wrapped_app
    |     raise exc
    |   File "/Users/hemanthchowdary/Neural-Constitution-Engine/.venv/lib/python3.12/site-packages/starlette/_exception_handler.py", line 53, in wrapped_app
    |     await app(scope, receive, sender)
    |   File "/Users/hemanthchowdary/Neural-Constitution-Engine/.venv/lib/python3.12/site-packages/starlette/routing.py", line 756, in __call__
    |     await self.middleware_stack(scope, receive, send)
    |   File "/Users/hemanthchowdary/Neural-Constitution-Engine/.venv/lib/python3.12/site-packages/starlette/routing.py", line 776, in app
    |     await route.handle(scope, receive, send)
    |   File "/Users/hemanthchowdary/Neural-Constitution-Engine/.venv/lib/python3.12/site-packages/starlette/routing.py", line 297, in handle
    |     await self.app(scope, receive, send)
    |   File "/Users/hemanthchowdary/Neural-Constitution-Engine/.venv/lib/python3.12/site-packages/starlette/routing.py", line 77, in app
    |     await wrap_app_handling_exceptions(app, request)(scope, receive, send)
    |   File "/Users/hemanthchowdary/Neural-Constitution-Engine/.venv/lib/python3.12/site-packages/starlette/_exception_handler.py", line 64, in wrapped_app
    |     raise exc
    |   File "/Users/hemanthchowdary/Neural-Constitution-Engine/.venv/lib/python3.12/site-packages/starlette/_exception_handler.py", line 53, in wrapped_app
    |     await app(scope, receive, sender)
    |   File "/Users/hemanthchowdary/Neural-Constitution-Engine/.venv/lib/python3.12/site-packages/starlette/routing.py", line 72, in app
    |     response = await func(request)
    |                ^^^^^^^^^^^^^^^^^^^
    |   File "/Users/hemanthchowdary/Neural-Constitution-Engine/.venv/lib/python3.12/site-packages/fastapi/routing.py", line 278, in app
    |     raw_response = await run_endpoint_function(
    |                    ^^^^^^^^^^^^^^^^^^^^^^^^^^^^
    |   File "/Users/hemanthchowdary/Neural-Constitution-Engine/.venv/lib/python3.12/site-packages/fastapi/routing.py", line 191, in run_endpoint_function
    |     return await dependant.call(**values)
    |            ^^^^^^^^^^^^^^^^^^^^^^^^^^^^^^
    |   File "/Users/hemanthchowdary/Neural-Constitution-Engine/backend/api/routes/plans.py", line 27, in evaluate_plan
    |     return await eval_service.evaluate_plan(organization_id, plan_data)
    |            ^^^^^^^^^^^^^^^^^^^^^^^^^^^^^^^^^^^^^^^^^^^^^^^^^^^^^^^^^^^^
    |   File "/Users/hemanthchowdary/Neural-Constitution-Engine/backend/application/services/evaluation_service.py", line 50, in evaluate_plan
    |     engine = await self.engine_manager.get_engine(self.db, organization_id)
    |              ^^^^^^^^^^^^^^^^^^^^^^^^^^^^^^^^^^^^^^^^^^^^^^^^^^^^^^^^^^^^^^
    |   File "/Users/hemanthchowdary/Neural-Constitution-Engine/backend/application/services/engine_manager.py", line 47, in get_engine
    |     active_record = await repo.get_active_constitution(organization_id)
    |                     ^^^^^^^^^^^^^^^^^^^^^^^^^^^^^^^^^^^^^^^^^^^^^^^^^^^
    |   File "/Users/hemanthchowdary/Neural-Constitution-Engine/backend/application/repositories/constitution_repository.py", line 28, in get_active_constitution
    |     result = await self.session.execute(stmt)
    |              ^^^^^^^^^^^^^^^^^^^^^^^^^^^^^^^^
    |   File "/Users/hemanthchowdary/Neural-Constitution-Engine/.venv/lib/python3.12/site-packages/sqlalchemy/ext/asyncio/session.py", line 448, in execute
    |     result = await greenlet_spawn(
    |              ^^^^^^^^^^^^^^^^^^^^^
    |   File "/Users/hemanthchowdary/Neural-Constitution-Engine/.venv/lib/python3.12/site-packages/sqlalchemy/util/_concurrency_py3k.py", line 201, in greenlet_spawn
    |     result = context.throw(*sys.exc_info())
    |              ^^^^^^^^^^^^^^^^^^^^^^^^^^^^^^
    |   File "/Users/hemanthchowdary/Neural-Constitution-Engine/.venv/lib/python3.12/site-packages/sqlalchemy/orm/session.py", line 2373, in execute
    |     return self._execute_internal(
    |            ^^^^^^^^^^^^^^^^^^^^^^^
    |   File "/Users/hemanthchowdary/Neural-Constitution-Engine/.venv/lib/python3.12/site-packages/sqlalchemy/orm/session.py", line 2271, in _execute_internal
    |     result: Result[Any] = compile_state_cls.orm_execute_statement(
    |                           ^^^^^^^^^^^^^^^^^^^^^^^^^^^^^^^^^^^^^^^^
    |   File "/Users/hemanthchowdary/Neural-Constitution-Engine/.venv/lib/python3.12/site-packages/sqlalchemy/orm/context.py", line 306, in orm_execute_statement
    |     result = conn.execute(
    |              ^^^^^^^^^^^^^
    |   File "/Users/hemanthchowdary/Neural-Constitution-Engine/.venv/lib/python3.12/site-packages/sqlalchemy/engine/base.py", line 1421, in execute
    |     return meth(
    |            ^^^^^
    |   File "/Users/hemanthchowdary/Neural-Constitution-Engine/.venv/lib/python3.12/site-packages/sqlalchemy/sql/elements.py", line 526, in _execute_on_connection
    |     return connection._execute_clauseelement(
    |            ^^^^^^^^^^^^^^^^^^^^^^^^^^^^^^^^^^
    |   File "/Users/hemanthchowdary/Neural-Constitution-Engine/.venv/lib/python3.12/site-packages/sqlalchemy/engine/base.py", line 1643, in _execute_clauseelement
    |     ret = self._execute_context(
    |           ^^^^^^^^^^^^^^^^^^^^^^
    |   File "/Users/hemanthchowdary/Neural-Constitution-Engine/.venv/lib/python3.12/site-packages/sqlalchemy/engine/base.py", line 1848, in _execute_context
    |     return self._exec_single_context(
    |            ^^^^^^^^^^^^^^^^^^^^^^^^^^
    |   File "/Users/hemanthchowdary/Neural-Constitution-Engine/.venv/lib/python3.12/site-packages/sqlalchemy/engine/base.py", line 1988, in _exec_single_context
    |     self._handle_dbapi_exception(
    |   File "/Users/hemanthchowdary/Neural-Constitution-Engine/.venv/lib/python3.12/site-packages/sqlalchemy/engine/base.py", line 2368, in _handle_dbapi_exception
    |     raise exc_info[1].with_traceback(exc_info[2])
    |   File "/Users/hemanthchowdary/Neural-Constitution-Engine/.venv/lib/python3.12/site-packages/sqlalchemy/engine/base.py", line 1969, in _exec_single_context
    |     self.dialect.do_execute(
    |   File "/Users/hemanthchowdary/Neural-Constitution-Engine/.venv/lib/python3.12/site-packages/sqlalchemy/engine/default.py", line 952, in do_execute
    |     cursor.execute(statement, parameters)
    |   File "/Users/hemanthchowdary/Neural-Constitution-Engine/.venv/lib/python3.12/site-packages/sqlalchemy/dialects/postgresql/asyncpg.py", line 585, in execute
    |     self._adapt_connection.await_(
    |   File "/Users/hemanthchowdary/Neural-Constitution-Engine/.venv/lib/python3.12/site-packages/sqlalchemy/util/_concurrency_py3k.py", line 132, in await_only
    |     return current.parent.switch(awaitable)  # type: ignore[no-any-return,attr-defined] # noqa: E501
    |            ^^^^^^^^^^^^^^^^^^^^^^^^^^^^^^^^
    |   File "/Users/hemanthchowdary/Neural-Constitution-Engine/.venv/lib/python3.12/site-packages/sqlalchemy/util/_concurrency_py3k.py", line 196, in greenlet_spawn
    |     value = await result
    |             ^^^^^^^^^^^^
    |   File "/Users/hemanthchowdary/Neural-Constitution-Engine/.venv/lib/python3.12/site-packages/sqlalchemy/dialects/postgresql/asyncpg.py", line 520, in _prepare_and_execute
    |     await adapt_connection._start_transaction()
    |   File "/Users/hemanthchowdary/Neural-Constitution-Engine/.venv/lib/python3.12/site-packages/sqlalchemy/dialects/postgresql/asyncpg.py", line 850, in _start_transaction
    |     self._handle_exception(error)
    |   File "/Users/hemanthchowdary/Neural-Constitution-Engine/.venv/lib/python3.12/site-packages/sqlalchemy/dialects/postgresql/asyncpg.py", line 799, in _handle_exception
    |     raise error
    |   File "/Users/hemanthchowdary/Neural-Constitution-Engine/.venv/lib/python3.12/site-packages/sqlalchemy/dialects/postgresql/asyncpg.py", line 848, in _start_transaction
    |     await self._transaction.start()
    |   File "/Users/hemanthchowdary/Neural-Constitution-Engine/.venv/lib/python3.12/site-packages/asyncpg/transaction.py", line 146, in start
    |     await self._connection.execute(query)
    |   File "/Users/hemanthchowdary/Neural-Constitution-Engine/.venv/lib/python3.12/site-packages/asyncpg/connection.py", line 354, in execute
    |     result = await self._protocol.query(query, timeout)
    |              ^^^^^^^^^^^^^^^^^^^^^^^^^^^^^^^^^^^^^^^^^^
    |   File "asyncpg/protocol/protocol.pyx", line 369, in query
    | RuntimeError: Task <Task pending name='starlette.middleware.base.BaseHTTPMiddleware.__call__.<locals>.call_next.<locals>.coro' coro=<TaskHandle._run_coro() running at /Users/hemanthchowdary/Neural-Constitution-Engine/.venv/lib/python3.12/site-packages/anyio/_core/_tasks.py:278> cb=[TaskGroup._spawn.<locals>.task_done() at /Users/hemanthchowdary/Neural-Constitution-Engine/.venv/lib/python3.12/site-packages/anyio/_backends/_asyncio.py:832]> got Future <Future pending cb=[BaseProtocol._on_waiter_completed()]> attached to a different loop
    +------------------------------------

During handling of the above exception, another exception occurred:

Traceback (most recent call last):
  File "/Users/hemanthchowdary/Neural-Constitution-Engine/backend/tests/api/test_routes.py", line 136, in test_evaluate_plan
    response = client.post("/plans/evaluate", json=payload)
               ^^^^^^^^^^^^^^^^^^^^^^^^^^^^^^^^^^^^^^^^^^^^
  File "/Users/hemanthchowdary/Neural-Constitution-Engine/.venv/lib/python3.12/site-packages/starlette/testclient.py", line 633, in post
    return super().post(
           ^^^^^^^^^^^^^
  File "/Users/hemanthchowdary/Neural-Constitution-Engine/.venv/lib/python3.12/site-packages/httpx/_client.py", line 1144, in post
    return self.request(
           ^^^^^^^^^^^^^
  File "/Users/hemanthchowdary/Neural-Constitution-Engine/.venv/lib/python3.12/site-packages/starlette/testclient.py", line 516, in request
    return super().request(
           ^^^^^^^^^^^^^^^^
  File "/Users/hemanthchowdary/Neural-Constitution-Engine/.venv/lib/python3.12/site-packages/httpx/_client.py", line 825, in request
    return self.send(request, auth=auth, follow_redirects=follow_redirects)
           ^^^^^^^^^^^^^^^^^^^^^^^^^^^^^^^^^^^^^^^^^^^^^^^^^^^^^^^^^^^^^^^^
  File "/Users/hemanthchowdary/Neural-Constitution-Engine/.venv/lib/python3.12/site-packages/httpx/_client.py", line 914, in send
    response = self._send_handling_auth(
               ^^^^^^^^^^^^^^^^^^^^^^^^^
  File "/Users/hemanthchowdary/Neural-Constitution-Engine/.venv/lib/python3.12/site-packages/httpx/_client.py", line 942, in _send_handling_auth
    response = self._send_handling_redirects(
               ^^^^^^^^^^^^^^^^^^^^^^^^^^^^^^
  File "/Users/hemanthchowdary/Neural-Constitution-Engine/.venv/lib/python3.12/site-packages/httpx/_client.py", line 979, in _send_handling_redirects
    response = self._send_single_request(request)
               ^^^^^^^^^^^^^^^^^^^^^^^^^^^^^^^^^^
  File "/Users/hemanthchowdary/Neural-Constitution-Engine/.venv/lib/python3.12/site-packages/httpx/_client.py", line 1014, in _send_single_request
    response = transport.handle_request(request)
               ^^^^^^^^^^^^^^^^^^^^^^^^^^^^^^^^^
  File "/Users/hemanthchowdary/Neural-Constitution-Engine/.venv/lib/python3.12/site-packages/starlette/testclient.py", line 398, in handle_request
    raise exc
  File "/Users/hemanthchowdary/Neural-Constitution-Engine/.venv/lib/python3.12/site-packages/starlette/testclient.py", line 395, in handle_request
    portal.call(self.app, scope, receive, send)
  File "/Users/hemanthchowdary/Neural-Constitution-Engine/.venv/lib/python3.12/site-packages/anyio/from_thread.py", line 338, in call
    return cast(T_Retval, self.start_task_soon(func, *args).result())
                          ^^^^^^^^^^^^^^^^^^^^^^^^^^^^^^^^^^^^^^^^^^
  File "/opt/anaconda3/lib/python3.12/concurrent/futures/_base.py", line 456, in result
    return self.__get_result()
           ^^^^^^^^^^^^^^^^^^^
  File "/opt/anaconda3/lib/python3.12/concurrent/futures/_base.py", line 401, in __get_result
    raise self._exception
  File "/Users/hemanthchowdary/Neural-Constitution-Engine/.venv/lib/python3.12/site-packages/anyio/from_thread.py", line 263, in _call_func
    retval = await retval_or_awaitable
             ^^^^^^^^^^^^^^^^^^^^^^^^^
  File "/Users/hemanthchowdary/Neural-Constitution-Engine/.venv/lib/python3.12/site-packages/fastapi/applications.py", line 1054, in __call__
    await super().__call__(scope, receive, send)
  File "/Users/hemanthchowdary/Neural-Constitution-Engine/.venv/lib/python3.12/site-packages/starlette/applications.py", line 123, in __call__
    await self.middleware_stack(scope, receive, send)
  File "/Users/hemanthchowdary/Neural-Constitution-Engine/.venv/lib/python3.12/site-packages/starlette/middleware/errors.py", line 186, in __call__
    raise exc
  File "/Users/hemanthchowdary/Neural-Constitution-Engine/.venv/lib/python3.12/site-packages/starlette/middleware/errors.py", line 164, in __call__
    await self.app(scope, receive, _send)
  File "/Users/hemanthchowdary/Neural-Constitution-Engine/.venv/lib/python3.12/site-packages/starlette/middleware/cors.py", line 85, in __call__
    await self.app(scope, receive, send)
  File "/Users/hemanthchowdary/Neural-Constitution-Engine/.venv/lib/python3.12/site-packages/starlette/middleware/base.py", line 189, in __call__
    with collapse_excgroups():
         ^^^^^^^^^^^^^^^^^^^^
  File "/opt/anaconda3/lib/python3.12/contextlib.py", line 158, in __exit__
    self.gen.throw(value)
  File "/Users/hemanthchowdary/Neural-Constitution-Engine/.venv/lib/python3.12/site-packages/starlette/_utils.py", line 93, in collapse_excgroups
    raise exc
  File "/Users/hemanthchowdary/Neural-Constitution-Engine/.venv/lib/python3.12/site-packages/starlette/middleware/base.py", line 191, in __call__
    response = await self.dispatch_func(request, call_next)
               ^^^^^^^^^^^^^^^^^^^^^^^^^^^^^^^^^^^^^^^^^^^^
  File "/Users/hemanthchowdary/Neural-Constitution-Engine/backend/api/middleware.py", line 19, in dispatch
    response = await call_next(request)
               ^^^^^^^^^^^^^^^^^^^^^^^^
  File "/Users/hemanthchowdary/Neural-Constitution-Engine/.venv/lib/python3.12/site-packages/starlette/middleware/base.py", line 165, in call_next
    raise app_exc
  File "/Users/hemanthchowdary/Neural-Constitution-Engine/.venv/lib/python3.12/site-packages/starlette/middleware/base.py", line 151, in coro
    await self.app(scope, receive_or_disconnect, send_no_error)
  File "/Users/hemanthchowdary/Neural-Constitution-Engine/.venv/lib/python3.12/site-packages/starlette/middleware/exceptions.py", line 65, in __call__
    await wrap_app_handling_exceptions(self.app, conn)(scope, receive, send)
  File "/Users/hemanthchowdary/Neural-Constitution-Engine/.venv/lib/python3.12/site-packages/starlette/_exception_handler.py", line 64, in wrapped_app
    raise exc
  File "/Users/hemanthchowdary/Neural-Constitution-Engine/.venv/lib/python3.12/site-packages/starlette/_exception_handler.py", line 53, in wrapped_app
    await app(scope, receive, sender)
  File "/Users/hemanthchowdary/Neural-Constitution-Engine/.venv/lib/python3.12/site-packages/starlette/routing.py", line 756, in __call__
    await self.middleware_stack(scope, receive, send)
  File "/Users/hemanthchowdary/Neural-Constitution-Engine/.venv/lib/python3.12/site-packages/starlette/routing.py", line 776, in app
    await route.handle(scope, receive, send)
  File "/Users/hemanthchowdary/Neural-Constitution-Engine/.venv/lib/python3.12/site-packages/starlette/routing.py", line 297, in handle
    await self.app(scope, receive, send)
  File "/Users/hemanthchowdary/Neural-Constitution-Engine/.venv/lib/python3.12/site-packages/starlette/routing.py", line 77, in app
    await wrap_app_handling_exceptions(app, request)(scope, receive, send)
  File "/Users/hemanthchowdary/Neural-Constitution-Engine/.venv/lib/python3.12/site-packages/starlette/_exception_handler.py", line 64, in wrapped_app
    raise exc
  File "/Users/hemanthchowdary/Neural-Constitution-Engine/.venv/lib/python3.12/site-packages/starlette/_exception_handler.py", line 53, in wrapped_app
    await app(scope, receive, sender)
  File "/Users/hemanthchowdary/Neural-Constitution-Engine/.venv/lib/python3.12/site-packages/starlette/routing.py", line 72, in app
    response = await func(request)
               ^^^^^^^^^^^^^^^^^^^
  File "/Users/hemanthchowdary/Neural-Constitution-Engine/.venv/lib/python3.12/site-packages/fastapi/routing.py", line 278, in app
    raw_response = await run_endpoint_function(
                   ^^^^^^^^^^^^^^^^^^^^^^^^^^^^
  File "/Users/hemanthchowdary/Neural-Constitution-Engine/.venv/lib/python3.12/site-packages/fastapi/routing.py", line 191, in run_endpoint_function
    return await dependant.call(**values)
           ^^^^^^^^^^^^^^^^^^^^^^^^^^^^^^
  File "/Users/hemanthchowdary/Neural-Constitution-Engine/backend/api/routes/plans.py", line 27, in evaluate_plan
    return await eval_service.evaluate_plan(organization_id, plan_data)
           ^^^^^^^^^^^^^^^^^^^^^^^^^^^^^^^^^^^^^^^^^^^^^^^^^^^^^^^^^^^^
  File "/Users/hemanthchowdary/Neural-Constitution-Engine/backend/application/services/evaluation_service.py", line 50, in evaluate_plan
    engine = await self.engine_manager.get_engine(self.db, organization_id)
             ^^^^^^^^^^^^^^^^^^^^^^^^^^^^^^^^^^^^^^^^^^^^^^^^^^^^^^^^^^^^^^
  File "/Users/hemanthchowdary/Neural-Constitution-Engine/backend/application/services/engine_manager.py", line 47, in get_engine
    active_record = await repo.get_active_constitution(organization_id)
                    ^^^^^^^^^^^^^^^^^^^^^^^^^^^^^^^^^^^^^^^^^^^^^^^^^^^
  File "/Users/hemanthchowdary/Neural-Constitution-Engine/backend/application/repositories/constitution_repository.py", line 28, in get_active_constitution
    result = await self.session.execute(stmt)
             ^^^^^^^^^^^^^^^^^^^^^^^^^^^^^^^^
  File "/Users/hemanthchowdary/Neural-Constitution-Engine/.venv/lib/python3.12/site-packages/sqlalchemy/ext/asyncio/session.py", line 448, in execute
    result = await greenlet_spawn(
             ^^^^^^^^^^^^^^^^^^^^^
  File "/Users/hemanthchowdary/Neural-Constitution-Engine/.venv/lib/python3.12/site-packages/sqlalchemy/util/_concurrency_py3k.py", line 201, in greenlet_spawn
    result = context.throw(*sys.exc_info())
             ^^^^^^^^^^^^^^^^^^^^^^^^^^^^^^
  File "/Users/hemanthchowdary/Neural-Constitution-Engine/.venv/lib/python3.12/site-packages/sqlalchemy/orm/session.py", line 2373, in execute
    return self._execute_internal(
           ^^^^^^^^^^^^^^^^^^^^^^^
  File "/Users/hemanthchowdary/Neural-Constitution-Engine/.venv/lib/python3.12/site-packages/sqlalchemy/orm/session.py", line 2271, in _execute_internal
    result: Result[Any] = compile_state_cls.orm_execute_statement(
                          ^^^^^^^^^^^^^^^^^^^^^^^^^^^^^^^^^^^^^^^^
  File "/Users/hemanthchowdary/Neural-Constitution-Engine/.venv/lib/python3.12/site-packages/sqlalchemy/orm/context.py", line 306, in orm_execute_statement
    result = conn.execute(
             ^^^^^^^^^^^^^
  File "/Users/hemanthchowdary/Neural-Constitution-Engine/.venv/lib/python3.12/site-packages/sqlalchemy/engine/base.py", line 1421, in execute
    return meth(
           ^^^^^
  File "/Users/hemanthchowdary/Neural-Constitution-Engine/.venv/lib/python3.12/site-packages/sqlalchemy/sql/elements.py", line 526, in _execute_on_connection
    return connection._execute_clauseelement(
           ^^^^^^^^^^^^^^^^^^^^^^^^^^^^^^^^^^
  File "/Users/hemanthchowdary/Neural-Constitution-Engine/.venv/lib/python3.12/site-packages/sqlalchemy/engine/base.py", line 1643, in _execute_clauseelement
    ret = self._execute_context(
          ^^^^^^^^^^^^^^^^^^^^^^
  File "/Users/hemanthchowdary/Neural-Constitution-Engine/.venv/lib/python3.12/site-packages/sqlalchemy/engine/base.py", line 1848, in _execute_context
    return self._exec_single_context(
           ^^^^^^^^^^^^^^^^^^^^^^^^^^
  File "/Users/hemanthchowdary/Neural-Constitution-Engine/.venv/lib/python3.12/site-packages/sqlalchemy/engine/base.py", line 1988, in _exec_single_context
    self._handle_dbapi_exception(
  File "/Users/hemanthchowdary/Neural-Constitution-Engine/.venv/lib/python3.12/site-packages/sqlalchemy/engine/base.py", line 2368, in _handle_dbapi_exception
    raise exc_info[1].with_traceback(exc_info[2])
  File "/Users/hemanthchowdary/Neural-Constitution-Engine/.venv/lib/python3.12/site-packages/sqlalchemy/engine/base.py", line 1969, in _exec_single_context
    self.dialect.do_execute(
  File "/Users/hemanthchowdary/Neural-Constitution-Engine/.venv/lib/python3.12/site-packages/sqlalchemy/engine/default.py", line 952, in do_execute
    cursor.execute(statement, parameters)
  File "/Users/hemanthchowdary/Neural-Constitution-Engine/.venv/lib/python3.12/site-packages/sqlalchemy/dialects/postgresql/asyncpg.py", line 585, in execute
    self._adapt_connection.await_(
  File "/Users/hemanthchowdary/Neural-Constitution-Engine/.venv/lib/python3.12/site-packages/sqlalchemy/util/_concurrency_py3k.py", line 132, in await_only
    return current.parent.switch(awaitable)  # type: ignore[no-any-return,attr-defined] # noqa: E501
           ^^^^^^^^^^^^^^^^^^^^^^^^^^^^^^^^
  File "/Users/hemanthchowdary/Neural-Constitution-Engine/.venv/lib/python3.12/site-packages/sqlalchemy/util/_concurrency_py3k.py", line 196, in greenlet_spawn
    value = await result
            ^^^^^^^^^^^^
  File "/Users/hemanthchowdary/Neural-Constitution-Engine/.venv/lib/python3.12/site-packages/sqlalchemy/dialects/postgresql/asyncpg.py", line 520, in _prepare_and_execute
    await adapt_connection._start_transaction()
  File "/Users/hemanthchowdary/Neural-Constitution-Engine/.venv/lib/python3.12/site-packages/sqlalchemy/dialects/postgresql/asyncpg.py", line 850, in _start_transaction
    self._handle_exception(error)
  File "/Users/hemanthchowdary/Neural-Constitution-Engine/.venv/lib/python3.12/site-packages/sqlalchemy/dialects/postgresql/asyncpg.py", line 799, in _handle_exception
    raise error
  File "/Users/hemanthchowdary/Neural-Constitution-Engine/.venv/lib/python3.12/site-packages/sqlalchemy/dialects/postgresql/asyncpg.py", line 848, in _start_transaction
    await self._transaction.start()
  File "/Users/hemanthchowdary/Neural-Constitution-Engine/.venv/lib/python3.12/site-packages/asyncpg/transaction.py", line 146, in start
    await self._connection.execute(query)
  File "/Users/hemanthchowdary/Neural-Constitution-Engine/.venv/lib/python3.12/site-packages/asyncpg/connection.py", line 354, in execute
    result = await self._protocol.query(query, timeout)
             ^^^^^^^^^^^^^^^^^^^^^^^^^^^^^^^^^^^^^^^^^^
  File "asyncpg/protocol/protocol.pyx", line 369, in query
RuntimeError: Task <Task pending name='starlette.middleware.base.BaseHTTPMiddleware.__call__.<locals>.call_next.<locals>.coro' coro=<TaskHandle._run_coro() running at /Users/hemanthchowdary/Neural-Constitution-Engine/.venv/lib/python3.12/site-packages/anyio/_core/_tasks.py:278> cb=[TaskGroup._spawn.<locals>.task_done() at /Users/hemanthchowdary/Neural-Constitution-Engine/.venv/lib/python3.12/site-packages/anyio/_backends/_asyncio.py:832]> got Future <Future pending cb=[BaseProtocol._on_waiter_completed()]> attached to a different loop

During handling of the above exception, another exception occurred:

client = <starlette.testclient.TestClient object at 0x105e489b0>

    def test_evaluate_plan(client: TestClient) -> None:
        """Test the /plans/evaluate endpoint."""
        payload = {
            "metadata": {
                "id": "plan-123",
                "creator": "system",
                "created_at": "2026-06-29T00:00:00Z",
                "goal_description": "Test plan",
            },
            "nodes": [
                {
                    "id": "node-1",
                    "request": {
                        "api_version": "nce/v1",
                        "id": "123e4567-e89b-12d3-a456-426614174000",
                        "actor": {"id": "agent-123", "type": "agent"},
                        "action": {"type": "db.drop", "params": {"table": "customers"}},
                        "context": {
                            "constitution_id": "test",
                            "constitution_version": "1.0",
                            "environment": {"name": "production", "timestamp": "2026-06-29T00:00:00Z"},
                            "correlation_id": "123e4567-e89b-12d3-a456-426614174000",
                        },
                        "submitted_at": "2026-06-29T00:00:00Z",
                    },
                }
            ],
            "edges": [],
        }

>       response = client.post("/plans/evaluate", json=payload)
                   ^^^^^^^^^^^^^^^^^^^^^^^^^^^^^^^^^^^^^^^^^^^^

backend/tests/api/test_routes.py:136:
_ _ _ _ _ _ _ _ _ _ _ _ _ _ _ _ _ _ _ _ _ _ _ _ _ _ _ _ _ _ _ _ _ _ _ _ _ _ _ _
.venv/lib/python3.12/site-packages/starlette/testclient.py:633: in post
    return super().post(
.venv/lib/python3.12/site-packages/httpx/_client.py:1144: in post
    return self.request(
.venv/lib/python3.12/site-packages/starlette/testclient.py:516: in request
    return super().request(
.venv/lib/python3.12/site-packages/httpx/_client.py:825: in request
    return self.send(request, auth=auth, follow_redirects=follow_redirects)
           ^^^^^^^^^^^^^^^^^^^^^^^^^^^^^^^^^^^^^^^^^^^^^^^^^^^^^^^^^^^^^^^^
.venv/lib/python3.12/site-packages/httpx/_client.py:914: in send
    response = self._send_handling_auth(
.venv/lib/python3.12/site-packages/httpx/_client.py:942: in _send_handling_auth
    response = self._send_handling_redirects(
.venv/lib/python3.12/site-packages/httpx/_client.py:979: in _send_handling_redirects
    response = self._send_single_request(request)
               ^^^^^^^^^^^^^^^^^^^^^^^^^^^^^^^^^^
.venv/lib/python3.12/site-packages/httpx/_client.py:1014: in _send_single_request
    response = transport.handle_request(request)
               ^^^^^^^^^^^^^^^^^^^^^^^^^^^^^^^^^
.venv/lib/python3.12/site-packages/starlette/testclient.py:398: in handle_request
    raise exc
.venv/lib/python3.12/site-packages/starlette/testclient.py:395: in handle_request
    portal.call(self.app, scope, receive, send)
.venv/lib/python3.12/site-packages/anyio/from_thread.py:338: in call
    return cast(T_Retval, self.start_task_soon(func, *args).result())
                          ^^^^^^^^^^^^^^^^^^^^^^^^^^^^^^^^^^^^^^^^^^
/opt/anaconda3/lib/python3.12/concurrent/futures/_base.py:456: in result
    return self.__get_result()
           ^^^^^^^^^^^^^^^^^^^
/opt/anaconda3/lib/python3.12/concurrent/futures/_base.py:401: in __get_result
    raise self._exception
.venv/lib/python3.12/site-packages/anyio/from_thread.py:263: in _call_func
    retval = await retval_or_awaitable
             ^^^^^^^^^^^^^^^^^^^^^^^^^
.venv/lib/python3.12/site-packages/fastapi/applications.py:1054: in __call__
    await super().__call__(scope, receive, send)
.venv/lib/python3.12/site-packages/starlette/applications.py:123: in __call__
    await self.middleware_stack(scope, receive, send)
.venv/lib/python3.12/site-packages/starlette/middleware/errors.py:186: in __call__
    raise exc
.venv/lib/python3.12/site-packages/starlette/middleware/errors.py:164: in __call__
    await self.app(scope, receive, _send)
.venv/lib/python3.12/site-packages/starlette/middleware/cors.py:85: in __call__
    await self.app(scope, receive, send)
.venv/lib/python3.12/site-packages/starlette/middleware/base.py:189: in __call__
    with collapse_excgroups():
         ^^^^^^^^^^^^^^^^^^^^
/opt/anaconda3/lib/python3.12/contextlib.py:158: in __exit__
    self.gen.throw(value)
.venv/lib/python3.12/site-packages/starlette/_utils.py:93: in collapse_excgroups
    raise exc
.venv/lib/python3.12/site-packages/starlette/middleware/base.py:191: in __call__
    response = await self.dispatch_func(request, call_next)
               ^^^^^^^^^^^^^^^^^^^^^^^^^^^^^^^^^^^^^^^^^^^^
backend/api/middleware.py:19: in dispatch
    response = await call_next(request)
               ^^^^^^^^^^^^^^^^^^^^^^^^
.venv/lib/python3.12/site-packages/starlette/middleware/base.py:165: in call_next
    raise app_exc
.venv/lib/python3.12/site-packages/starlette/middleware/base.py:151: in coro
    await self.app(scope, receive_or_disconnect, send_no_error)
.venv/lib/python3.12/site-packages/starlette/middleware/exceptions.py:65: in __call__
    await wrap_app_handling_exceptions(self.app, conn)(scope, receive, send)
.venv/lib/python3.12/site-packages/starlette/_exception_handler.py:64: in wrapped_app
    raise exc
.venv/lib/python3.12/site-packages/starlette/_exception_handler.py:53: in wrapped_app
    await app(scope, receive, sender)
.venv/lib/python3.12/site-packages/starlette/routing.py:756: in __call__
    await self.middleware_stack(scope, receive, send)
.venv/lib/python3.12/site-packages/starlette/routing.py:776: in app
    await route.handle(scope, receive, send)
.venv/lib/python3.12/site-packages/starlette/routing.py:297: in handle
    await self.app(scope, receive, send)
.venv/lib/python3.12/site-packages/starlette/routing.py:77: in app
    await wrap_app_handling_exceptions(app, request)(scope, receive, send)
.venv/lib/python3.12/site-packages/starlette/_exception_handler.py:64: in wrapped_app
    raise exc
.venv/lib/python3.12/site-packages/starlette/_exception_handler.py:53: in wrapped_app
    await app(scope, receive, sender)
.venv/lib/python3.12/site-packages/starlette/routing.py:72: in app
    response = await func(request)
               ^^^^^^^^^^^^^^^^^^^
.venv/lib/python3.12/site-packages/fastapi/routing.py:278: in app
    raw_response = await run_endpoint_function(
.venv/lib/python3.12/site-packages/fastapi/routing.py:191: in run_endpoint_function
    return await dependant.call(**values)
           ^^^^^^^^^^^^^^^^^^^^^^^^^^^^^^
backend/api/routes/plans.py:27: in evaluate_plan
    return await eval_service.evaluate_plan(organization_id, plan_data)
           ^^^^^^^^^^^^^^^^^^^^^^^^^^^^^^^^^^^^^^^^^^^^^^^^^^^^^^^^^^^^
backend/application/services/evaluation_service.py:50: in evaluate_plan
    engine = await self.engine_manager.get_engine(self.db, organization_id)
             ^^^^^^^^^^^^^^^^^^^^^^^^^^^^^^^^^^^^^^^^^^^^^^^^^^^^^^^^^^^^^^
backend/application/services/engine_manager.py:47: in get_engine
    active_record = await repo.get_active_constitution(organization_id)
                    ^^^^^^^^^^^^^^^^^^^^^^^^^^^^^^^^^^^^^^^^^^^^^^^^^^^
backend/application/repositories/constitution_repository.py:28: in get_active_constitution
    result = await self.session.execute(stmt)
             ^^^^^^^^^^^^^^^^^^^^^^^^^^^^^^^^
.venv/lib/python3.12/site-packages/sqlalchemy/ext/asyncio/session.py:448: in execute
    result = await greenlet_spawn(
.venv/lib/python3.12/site-packages/sqlalchemy/util/_concurrency_py3k.py:201: in greenlet_spawn
    result = context.throw(*sys.exc_info())
             ^^^^^^^^^^^^^^^^^^^^^^^^^^^^^^
.venv/lib/python3.12/site-packages/sqlalchemy/orm/session.py:2373: in execute
    return self._execute_internal(
.venv/lib/python3.12/site-packages/sqlalchemy/orm/session.py:2271: in _execute_internal
    result: Result[Any] = compile_state_cls.orm_execute_statement(
.venv/lib/python3.12/site-packages/sqlalchemy/orm/context.py:306: in orm_execute_statement
    result = conn.execute(
.venv/lib/python3.12/site-packages/sqlalchemy/engine/base.py:1421: in execute
    return meth(
.venv/lib/python3.12/site-packages/sqlalchemy/sql/elements.py:526: in _execute_on_connection
    return connection._execute_clauseelement(
.venv/lib/python3.12/site-packages/sqlalchemy/engine/base.py:1643: in _execute_clauseelement
    ret = self._execute_context(
.venv/lib/python3.12/site-packages/sqlalchemy/engine/base.py:1848: in _execute_context
    return self._exec_single_context(
.venv/lib/python3.12/site-packages/sqlalchemy/engine/base.py:1988: in _exec_single_context
    self._handle_dbapi_exception(
.venv/lib/python3.12/site-packages/sqlalchemy/engine/base.py:2368: in _handle_dbapi_exception
    raise exc_info[1].with_traceback(exc_info[2])
.venv/lib/python3.12/site-packages/sqlalchemy/engine/base.py:1969: in _exec_single_context
    self.dialect.do_execute(
.venv/lib/python3.12/site-packages/sqlalchemy/engine/default.py:952: in do_execute
    cursor.execute(statement, parameters)
.venv/lib/python3.12/site-packages/sqlalchemy/dialects/postgresql/asyncpg.py:585: in execute
    self._adapt_connection.await_(
.venv/lib/python3.12/site-packages/sqlalchemy/util/_concurrency_py3k.py:132: in await_only
    return current.parent.switch(awaitable)  # type: ignore[no-any-return,attr-defined] # noqa: E501
           ^^^^^^^^^^^^^^^^^^^^^^^^^^^^^^^^
.venv/lib/python3.12/site-packages/sqlalchemy/util/_concurrency_py3k.py:196: in greenlet_spawn
    value = await result
            ^^^^^^^^^^^^
.venv/lib/python3.12/site-packages/sqlalchemy/dialects/postgresql/asyncpg.py:520: in _prepare_and_execute
    await adapt_connection._start_transaction()
.venv/lib/python3.12/site-packages/sqlalchemy/dialects/postgresql/asyncpg.py:850: in _start_transaction
    self._handle_exception(error)
.venv/lib/python3.12/site-packages/sqlalchemy/dialects/postgresql/asyncpg.py:799: in _handle_exception
    raise error
.venv/lib/python3.12/site-packages/sqlalchemy/dialects/postgresql/asyncpg.py:848: in _start_transaction
    await self._transaction.start()
.venv/lib/python3.12/site-packages/asyncpg/transaction.py:146: in start
    await self._connection.execute(query)
.venv/lib/python3.12/site-packages/asyncpg/connection.py:354: in execute
    result = await self._protocol.query(query, timeout)
             ^^^^^^^^^^^^^^^^^^^^^^^^^^^^^^^^^^^^^^^^^^
_ _ _ _ _ _ _ _ _ _ _ _ _ _ _ _ _ _ _ _ _ _ _ _ _ _ _ _ _ _ _ _ _ _ _ _ _ _ _ _

>   ???
E   RuntimeError: Task <Task pending name='starlette.middleware.base.BaseHTTPMiddleware.__call__.<locals>.call_next.<locals>.coro' coro=<TaskHandle._run_coro() running at /Users/hemanthchowdary/Neural-Constitution-Engine/.venv/lib/python3.12/site-packages/anyio/_core/_tasks.py:278> cb=[TaskGroup._spawn.<locals>.task_done() at /Users/hemanthchowdary/Neural-Constitution-Engine/.venv/lib/python3.12/site-packages/anyio/_backends/_asyncio.py:832]> got Future <Future pending cb=[BaseProtocol._on_waiter_completed()]> attached to a different loop

asyncpg/protocol/protocol.pyx:369: RuntimeError
=============================== warnings summary ===============================
.venv/lib/python3.12/site-packages/starlette/formparsers.py:12
  /Users/hemanthchowdary/Neural-Constitution-Engine/.venv/lib/python3.12/site-packages/starlette/formparsers.py:12: PendingDeprecationWarning: Please use `import python_multipart` instead.
    import multipart

backend/api/config.py:6
  /Users/hemanthchowdary/Neural-Constitution-Engine/backend/api/config.py:6: PydanticDeprecatedSince20: Support for class-based `config` is deprecated, use ConfigDict instead. Deprecated in Pydantic V2.0 to be removed in V3.0. See Pydantic V2 Migration Guide at https://errors.pydantic.dev/2.13/migration/
    class APISettings(BaseSettings):

backend/api/schemas/base.py:55
  /Users/hemanthchowdary/Neural-Constitution-Engine/backend/api/schemas/base.py:55: PydanticDeprecatedSince20: Support for class-based `config` is deprecated, use ConfigDict instead. Deprecated in Pydantic V2.0 to be removed in V3.0. See Pydantic V2 Migration Guide at https://errors.pydantic.dev/2.13/migration/
    class BaseSchema(BaseModel):

.venv/lib/python3.12/site-packages/passlib/utils/__init__.py:854
  /Users/hemanthchowdary/Neural-Constitution-Engine/.venv/lib/python3.12/site-packages/passlib/utils/__init__.py:854: DeprecationWarning: 'crypt' is deprecated and slated for removal in Python 3.13
    from crypt import crypt as _crypt

backend/integrations/providers/config.py:3
  /Users/hemanthchowdary/Neural-Constitution-Engine/backend/integrations/providers/config.py:3: PydanticDeprecatedSince20: Support for class-based `config` is deprecated, use ConfigDict instead. Deprecated in Pydantic V2.0 to be removed in V3.0. See Pydantic V2 Migration Guide at https://errors.pydantic.dev/2.13/migration/
    class ProviderSettings(BaseSettings):

-- Docs: https://docs.pytest.org/en/stable/how-to/capture-warnings.html
================================ tests coverage ================================
_______________ coverage: platform darwin, python 3.12.7-final-0 _______________

Name                                                          Stmts   Miss  Cover   Missing
-------------------------------------------------------------------------------------------
backend/api/__init__.py                                           0      0   100%
backend/api/adapters.py                                          45     24    47%   12-14, 23-25, 32, 41, 48, 59-69, 76, 90, 102-112, 120, 132, 166, 176, 188, 197, 207
backend/api/app.py                                               41      3    93%   29-31
backend/api/config.py                                            12      0   100%
backend/api/dependencies.py                                      59     31    47%   20-37, 41-43, 54-69, 94, 100
backend/api/errors.py                                            11      2    82%   13, 21
backend/api/middleware.py                                        15      0   100%
backend/api/routes/__init__.py                                    0      0   100%
backend/api/routes/api_keys.py                                   65     32    51%   36-40, 49-66, 83-91, 100-114
backend/api/routes/audits.py                                     16      7    56%   21-39
backend/api/routes/auth.py                                       60     31    48%   31-46, 56-63, 74-93, 101
backend/api/routes/evaluate.py                                   12      2    83%   24-25
backend/api/routes/health.py                                      9      0   100%
backend/api/routes/langgraph_routes.py                           76     54    29%   29-70, 80-84, 93-96, 106-115, 125-141
backend/api/routes/plans.py                                      12      2    83%   24-25
backend/api/routes/providers.py                                  45     21    53%   25, 30-38, 43-53, 61-70
backend/api/routes/validate.py                                   17      0   100%
backend/api/schemas/__init__.py                                   0      0   100%
backend/api/schemas/base.py                                      33      0   100%
backend/api/schemas/evaluate.py                                  78      0   100%
backend/api/schemas/plans.py                                     33      0   100%
backend/application/__init__.py                                   0      0   100%
backend/application/cache/__init__.py                             0      0   100%
backend/application/cache/engine_cache.py                        29     18    38%   14, 17-26, 29-31, 37-44
backend/application/repositories/__init__.py                      0      0   100%
backend/application/repositories/audit_repository.py             23     12    48%   14-16, 19-21, 24-31, 34-41
backend/application/repositories/constitution_repository.py      19      7    63%   14-16, 29, 32-38
backend/application/repositories/organization_repository.py      35     20    43%   11, 14-16, 19-21, 24-26, 31, 34-36, 39-41, 44-49
backend/application/services/__init__.py                          0      0   100%
backend/application/services/audit_service.py                    11      3    73%   10, 13, 16
backend/application/services/constitution_service.py             34     22    35%   13-15, 18, 26-59, 64
backend/application/services/engine_manager.py                   41     21    49%   23-32, 48-67, 71, 75-76
backend/application/services/evaluation_service.py               34     18    47%   24-45, 52-83
backend/auth/security.py                                         24     14    42%   12, 15, 18-24, 27-33
backend/cli/__init__.py                                           0      0   100%
backend/cli/adapters.py                                          46     46     0%   3-76
backend/cli/main.py                                              89     89     0%   3-121
backend/core/__init__.py                                          0      0   100%
backend/core/constitution/__init__.py                             6      0   100%
backend/core/constitution/constitution.py                        12      0   100%
backend/core/constitution/exceptions.py                           3      0   100%
backend/core/constitution/loader.py                              85     27    68%   10-11, 26, 33, 35-42, 45, 55, 59, 74, 80, 86, 90, 95, 97, 108, 113, 115, 119, 131-132, 136
backend/core/constitution/metadata.py                            18      0   100%
backend/core/constitution/rule.py                                28      0   100%
backend/core/domain/__init__.py                                  13      0   100%
backend/core/domain/action.py                                    11      0   100%
backend/core/domain/aliases.py                                    8      0   100%
backend/core/domain/audit.py                                     24      0   100%
backend/core/domain/context.py                                   27      0   100%
backend/core/domain/enums.py                                     36      0   100%
backend/core/domain/explanation.py                               46      0   100%
backend/core/domain/principals.py                                30      0   100%
backend/core/domain/provenance.py                                11      0   100%
backend/core/domain/request.py                                   21      0   100%
backend/core/domain/result.py                                    22      0   100%
backend/core/domain/risk.py                                      19      0   100%
backend/core/evaluator/__init__.py                                9      0   100%
backend/core/evaluator/audit_stage.py                            17      7    59%   25-47
backend/core/evaluator/exceptions.py                              6      0   100%
backend/core/evaluator/explanation_stage.py                      30     19    37%   26-84
backend/core/evaluator/matcher_stage.py                          35     29    17%   24-61
backend/core/evaluator/pipeline.py                               31     12    61%   34, 44-57
backend/core/evaluator/resolver_stage.py                         40     31    22%   24-80
backend/core/evaluator/risk_stage.py                             25     17    32%   22-56
backend/core/evaluator/stages.py                                 25      3    88%   31-33, 51
backend/core/language/__init__.py                                 0      0   100%
backend/core/language/ast.py                                     42     42     0%   3-68
backend/core/language/evaluator.py                               90     90     0%   3-143
backend/core/language/exceptions.py                              12     12     0%   3-21
backend/core/language/parser.py                                 101    101     0%   3-133
backend/core/language/tokens.py                                  76     76     0%   3-150
backend/core/planner/__init__.py                                  8      0   100%
backend/core/planner/edge.py                                      8      0   100%
backend/core/planner/exceptions.py                                8      0   100%
backend/core/planner/graph.py                                    34     26    24%   15-29, 40-59
backend/core/planner/metadata.py                                 10      0   100%
backend/core/planner/node.py                                     12      0   100%
backend/core/planner/plan.py                                      9      0   100%
backend/core/planner/validator.py                                33     19    42%   36-65
backend/core/plugins/__init__.py                                  7      0   100%
backend/core/plugins/discovery.py                                33     23    30%   20-29, 38-55
backend/core/plugins/exceptions.py                                5      0   100%
backend/core/plugins/manager.py                                  71     48    32%   26, 30-39, 48-61, 64-65, 74-93, 97-109
backend/core/plugins/metadata.py                                 17      0   100%
backend/core/plugins/plugin.py                                   23      6    74%   16, 21, 26, 31, 36, 48
backend/core/plugins/registry.py                                 20      9    55%   22-24, 28-30, 34, 38, 42
backend/core/rules/__init__.py                                    7      0   100%
backend/core/rules/context.py                                    21      0   100%
backend/core/rules/evaluator.py                                   7      1    86%   33
backend/core/rules/exceptions.py                                  4      0   100%
backend/core/rules/interfaces.py                                  7      7     0%   3-10
backend/core/rules/matcher.py                                     7      1    86%   35
backend/core/rules/registry.py                                    9      2    78%   24, 39
backend/core/rules/resolver.py                                    7      1    86%   31
backend/database/session.py                                      11      0   100%
backend/integrations/__init__.py                                  0      0   100%
backend/integrations/langgraph/__init__.py                        0      0   100%
backend/integrations/langgraph/adapters.py                        8      8     0%   1-14
backend/integrations/langgraph/callbacks.py                      21     21     0%   1-44
backend/integrations/langgraph/config.py                         11     11     0%   1-13
backend/integrations/langgraph/exceptions.py                     14     14     0%   1-19
backend/integrations/langgraph/governed_graph.py                 39     39     0%   1-86
backend/integrations/langgraph/middleware.py                     83     83     0%   1-128
backend/integrations/langgraph/models.py                         16      0   100%
backend/integrations/langgraph/state.py                          19     19     0%   1-31
backend/integrations/langgraph/telemetry.py                       0      0   100%
backend/integrations/providers/__init__.py                        9      0   100%
backend/integrations/providers/anthropic/provider.py             59     45    24%   12-14, 21-55, 65-103, 107, 111, 114, 117
backend/integrations/providers/base.py                           22      6    73%   11, 16, 21, 26, 31, 36
backend/integrations/providers/config.py                         14      0   100%
backend/integrations/providers/exceptions.py                     12      0   100%
backend/integrations/providers/gemini/provider.py                93     79    15%   12-13, 16-56, 66-110, 113-133, 141-149, 152-163, 166
backend/integrations/providers/manager.py                        43     27    37%   15-16, 21-59, 64-67, 71-75
backend/integrations/providers/models.py                         31      0   100%
backend/integrations/providers/ollama/provider.py                71     57    20%   12-13, 18-43, 53-85, 88-109, 117-125, 128-139, 142
backend/integrations/providers/openai/provider.py                62     48    23%   12-14, 20-44, 54-82, 85-103, 112-118, 121-130, 134
backend/integrations/providers/registry.py                       20      6    70%   18-19, 24-26, 31
backend/integrations/providers/telemetry.py                      15      9    40%   21-43
backend/models/models.py                                         91      0   100%
backend/sdk/__init__.py                                           6      0   100%
backend/sdk/builder.py                                           24      5    79%   22-23, 45, 56-57
backend/sdk/config.py                                             6      0   100%
backend/sdk/engine.py                                            37      8    78%   54-60, 71, 89-90
backend/sdk/exceptions.py                                         8      0   100%
backend/sdk/types.py                                             13      0   100%
backend/tests/api/__init__.py                                     0      0   100%
backend/tests/api/test_routes.py                                 52      9    83%   93-97, 138-141
-------------------------------------------------------------------------------------------
TOTAL                                                          3260   1582    51%
Required test coverage of 50% reached. Total coverage: 51.47%
=========================== short test summary info ============================
FAILED backend/tests/api/test_routes.py::test_evaluate_decision - ValueError:...
FAILED backend/tests/api/test_routes.py::test_evaluate_plan - RuntimeError: T...
=================== 2 failed, 4 passed, 5 warnings in 2.46s ====================
